; disassembly for PRIME-CANDIDATE::DENSE-3
; Size: 912 bytes. Origin: #xB800BA44A6                       ; PRIME-CANDIDATE::DENSE-3
; 4A6:       488B5FF9         MOV RBX, [RDI-7]
; 4AA:       31D2             XOR EDX, EDX
; 4AC:       E9A2010000       JMP L1
; 4B1:       0F1F840000000000 NOP
; 4B9:       0F1F8000000000   NOP
; 4C0: L0:   488B4C9701       MOV RCX, [RDI+RDX*4+1]
; 4C5:       4883C902         OR RCX, 2
; 4C9:       4883C910         OR RCX, 16
; 4CD:       4881C980000000   OR RCX, 128
; 4D4:       4881C900040000   OR RCX, 1024
; 4DB:       4881C900200000   OR RCX, 8192
; 4E2:       4881C900000100   OR RCX, 65536
; 4E9:       4881C900000800   OR RCX, 524288
; 4F0:       4881C900004000   OR RCX, 4194304
; 4F7:       4881C900000002   OR RCX, 33554432
; 4FE:       4881C900000010   OR RCX, 268435456
; 505:       480FBAE91F       BTS RCX, 31
; 50A:       480FBAE922       BTS RCX, 34
; 50F:       480FBAE925       BTS RCX, 37
; 514:       480FBAE928       BTS RCX, 40
; 519:       480FBAE92B       BTS RCX, 43
; 51E:       480FBAE92E       BTS RCX, 46
; 523:       480FBAE931       BTS RCX, 49
; 528:       480FBAE934       BTS RCX, 52
; 52D:       480FBAE937       BTS RCX, 55
; 532:       480FBAE93A       BTS RCX, 58
; 537:       480FBAE93D       BTS RCX, 61
; 53C:       48894C9701       MOV [RDI+RDX*4+1], RCX
; 541:       488D4A02         LEA RCX, [RDX+2]
; 545:       488B4C8F01       MOV RCX, [RDI+RCX*4+1]
; 54A:       4883C901         OR RCX, 1
; 54E:       4883C908         OR RCX, 8
; 552:       4883C940         OR RCX, 64
; 556:       4881C900020000   OR RCX, 512
; 55D:       4881C900100000   OR RCX, 4096
; 564:       4881C900800000   OR RCX, 32768
; 56B:       4881C900000400   OR RCX, 262144
; 572:       4881C900002000   OR RCX, 2097152
; 579:       4881C900000001   OR RCX, 16777216
; 580:       4881C900000008   OR RCX, 134217728
; 587:       4881C900000040   OR RCX, 1073741824
; 58E:       480FBAE921       BTS RCX, 33
; 593:       480FBAE924       BTS RCX, 36
; 598:       480FBAE927       BTS RCX, 39
; 59D:       480FBAE92A       BTS RCX, 42
; 5A2:       480FBAE92D       BTS RCX, 45
; 5A7:       480FBAE930       BTS RCX, 48
; 5AC:       480FBAE933       BTS RCX, 51
; 5B1:       480FBAE936       BTS RCX, 54
; 5B6:       480FBAE939       BTS RCX, 57
; 5BB:       480FBAE93C       BTS RCX, 60
; 5C0:       480FBAE93F       BTS RCX, 63
; 5C5:       48894C9709       MOV [RDI+RDX*4+9], RCX
; 5CA:       488D4A04         LEA RCX, [RDX+4]
; 5CE:       488B4C8F01       MOV RCX, [RDI+RCX*4+1]
; 5D3:       4883C904         OR RCX, 4
; 5D7:       4883C920         OR RCX, 32
; 5DB:       4881C900010000   OR RCX, 256
; 5E2:       4881C900080000   OR RCX, 2048
; 5E9:       4881C900400000   OR RCX, 16384
; 5F0:       4881C900000200   OR RCX, 131072
; 5F7:       4881C900001000   OR RCX, 1048576
; 5FE:       4881C900008000   OR RCX, 8388608
; 605:       4881C900000004   OR RCX, 67108864
; 60C:       4881C900000020   OR RCX, 536870912
; 613:       480FBAE920       BTS RCX, 32
; 618:       480FBAE923       BTS RCX, 35
; 61D:       480FBAE926       BTS RCX, 38
; 622:       480FBAE929       BTS RCX, 41
; 627:       480FBAE92C       BTS RCX, 44
; 62C:       480FBAE92F       BTS RCX, 47
; 631:       480FBAE932       BTS RCX, 50
; 636:       480FBAE935       BTS RCX, 53
; 63B:       480FBAE938       BTS RCX, 56
; 640:       480FBAE93B       BTS RCX, 59
; 645:       480FBAE93E       BTS RCX, 62
; 64A:       48894C9711       MOV [RDI+RDX*4+17], RCX
; 64F:       4883C206         ADD RDX, 6
; 653: L1:   488D4A06         LEA RCX, [RDX+6]
; 657:       4839D9           CMP RCX, RBX
; 65A:       0F8E60FEFFFF     JLE L0
; 660:       4839DA           CMP RDX, RBX
; 663:       0F8D81000000     JGE L2
; 669:       488B4C9701       MOV RCX, [RDI+RDX*4+1]
; 66E:       4883C902         OR RCX, 2
; 672:       4883C910         OR RCX, 16
; 676:       4881C980000000   OR RCX, 128
; 67D:       4881C900040000   OR RCX, 1024
; 684:       4881C900200000   OR RCX, 8192
; 68B:       4881C900000100   OR RCX, 65536
; 692:       4881C900000800   OR RCX, 524288
; 699:       4881C900004000   OR RCX, 4194304
; 6A0:       4881C900000002   OR RCX, 33554432
; 6A7:       4881C900000010   OR RCX, 268435456
; 6AE:       480FBAE91F       BTS RCX, 31
; 6B3:       480FBAE922       BTS RCX, 34
; 6B8:       480FBAE925       BTS RCX, 37
; 6BD:       480FBAE928       BTS RCX, 40
; 6C2:       480FBAE92B       BTS RCX, 43
; 6C7:       480FBAE92E       BTS RCX, 46
; 6CC:       480FBAE931       BTS RCX, 49
; 6D1:       480FBAE934       BTS RCX, 52
; 6D6:       480FBAE937       BTS RCX, 55
; 6DB:       480FBAE93A       BTS RCX, 58
; 6E0:       480FBAE93D       BTS RCX, 61
; 6E5:       48894C9701       MOV [RDI+RDX*4+1], RCX
; 6EA: L2:   488D4A02         LEA RCX, [RDX+2]
; 6EE:       4839D9           CMP RCX, RBX
; 6F1:       0F8CB1000000     JL L6
; 6F7: L3:   488D4A04         LEA RCX, [RDX+4]
; 6FB:       4839D9           CMP RCX, RBX
; 6FE:       7C1E             JL L5
; 700: L4:   488B4F01         MOV RCX, [RDI+1]
; 704:       4883E1FD         AND RCX, -3
; 708:       48894F01         MOV [RDI+1], RCX
; 70C:       488D5D10         LEA RBX, [RBP+16]
; 710:       31C9             XOR ECX, ECX
; 712:       498BFC           MOV RDI, R12                    ; NIL
; 715:       488BF7           MOV RSI, RDI
; 718:       488BD7           MOV RDX, RDI
; 71B:       F9               STC
; 71C:       C9               LEAVE
; 71D:       C3               RET
; 71E: L5:   488D4A04         LEA RCX, [RDX+4]
; 722:       488B4C8F01       MOV RCX, [RDI+RCX*4+1]
; 727:       4883C904         OR RCX, 4
; 72B:       4883C920         OR RCX, 32
; 72F:       4881C900010000   OR RCX, 256
; 736:       4881C900080000   OR RCX, 2048
; 73D:       4881C900400000   OR RCX, 16384
; 744:       4881C900000200   OR RCX, 131072
; 74B:       4881C900001000   OR RCX, 1048576
; 752:       4881C900008000   OR RCX, 8388608
; 759:       4881C900000004   OR RCX, 67108864
; 760:       4881C900000020   OR RCX, 536870912
; 767:       480FBAE920       BTS RCX, 32
; 76C:       480FBAE923       BTS RCX, 35
; 771:       480FBAE926       BTS RCX, 38
; 776:       480FBAE929       BTS RCX, 41
; 77B:       480FBAE92C       BTS RCX, 44
; 780:       480FBAE92F       BTS RCX, 47
; 785:       480FBAE932       BTS RCX, 50
; 78A:       480FBAE935       BTS RCX, 53
; 78F:       480FBAE938       BTS RCX, 56
; 794:       480FBAE93B       BTS RCX, 59
; 799:       480FBAE93E       BTS RCX, 62
; 79E:       48894C9711       MOV [RDI+RDX*4+17], RCX
; 7A3:       E958FFFFFF       JMP L4
; 7A8: L6:   488D4A02         LEA RCX, [RDX+2]
; 7AC:       488B4C8F01       MOV RCX, [RDI+RCX*4+1]
; 7B1:       4883C901         OR RCX, 1
; 7B5:       4883C908         OR RCX, 8
; 7B9:       4883C940         OR RCX, 64
; 7BD:       4881C900020000   OR RCX, 512
; 7C4:       4881C900100000   OR RCX, 4096
; 7CB:       4881C900800000   OR RCX, 32768
; 7D2:       4881C900000400   OR RCX, 262144
; 7D9:       4881C900002000   OR RCX, 2097152
; 7E0:       4881C900000001   OR RCX, 16777216
; 7E7:       4881C900000008   OR RCX, 134217728
; 7EE:       4881C900000040   OR RCX, 1073741824
; 7F5:       480FBAE921       BTS RCX, 33
; 7FA:       480FBAE924       BTS RCX, 36
; 7FF:       480FBAE927       BTS RCX, 39
; 804:       480FBAE92A       BTS RCX, 42
; 809:       480FBAE92D       BTS RCX, 45
; 80E:       480FBAE930       BTS RCX, 48
; 813:       480FBAE933       BTS RCX, 51
; 818:       480FBAE936       BTS RCX, 54
; 81D:       480FBAE939       BTS RCX, 57
; 822:       480FBAE93C       BTS RCX, 60
; 827:       480FBAE93F       BTS RCX, 63
; 82C:       48894C9709       MOV [RDI+RDX*4+9], RCX
; 831:       E9C1FEFFFF       JMP L3
; disassembly for PRIME-CANDIDATE::DENSE-127
; Size: 4331 bytes. Origin: #xB800BD76F6                      ; PRIME-CANDIDATE::DENSE-127
; 76F6:       488B5FF9         MOV RBX, [RDI-7]
; 76FA:       31D2             XOR EDX, EDX
; 76FC:       E903060000       JMP L1
; 7701:       0F1F840000000000 NOP
; 7709:       0F1F8000000000   NOP
; 7710: L0:   488B4C9701       MOV RCX, [RDI+RDX*4+1]
; 7715:       480FBAE93F       BTS RCX, 63
; 771A:       48894C9701       MOV [RDI+RDX*4+1], RCX
; 771F:       488D4A04         LEA RCX, [RDX+4]
; 7723:       488B4C8F01       MOV RCX, [RDI+RCX*4+1]
; 7728:       480FBAE93E       BTS RCX, 62
; 772D:       48894C9711       MOV [RDI+RDX*4+17], RCX
; 7732:       488D4A08         LEA RCX, [RDX+8]
; 7736:       488B4C8F01       MOV RCX, [RDI+RCX*4+1]
; 773B:       480FBAE93D       BTS RCX, 61
; 7740:       48894C9721       MOV [RDI+RDX*4+33], RCX
; 7745:       488D4A0C         LEA RCX, [RDX+12]
; 7749:       488B4C8F01       MOV RCX, [RDI+RCX*4+1]
; 774E:       480FBAE93C       BTS RCX, 60
; 7753:       48894C9731       MOV [RDI+RDX*4+49], RCX
; 7758:       488D4A10         LEA RCX, [RDX+16]
; 775C:       488B4C8F01       MOV RCX, [RDI+RCX*4+1]
; 7761:       480FBAE93B       BTS RCX, 59
; 7766:       48894C9741       MOV [RDI+RDX*4+65], RCX
; 776B:       488D4A14         LEA RCX, [RDX+20]
; 776F:       488B4C8F01       MOV RCX, [RDI+RCX*4+1]
; 7774:       480FBAE93A       BTS RCX, 58
; 7779:       48894C9751       MOV [RDI+RDX*4+81], RCX
; 777E:       488D4A18         LEA RCX, [RDX+24]
; 7782:       488B4C8F01       MOV RCX, [RDI+RCX*4+1]
; 7787:       480FBAE939       BTS RCX, 57
; 778C:       48894C9761       MOV [RDI+RDX*4+97], RCX
; 7791:       488D4A1C         LEA RCX, [RDX+28]
; 7795:       488B4C8F01       MOV RCX, [RDI+RCX*4+1]
; 779A:       480FBAE938       BTS RCX, 56
; 779F:       48894C9771       MOV [RDI+RDX*4+113], RCX
; 77A4:       488D4A20         LEA RCX, [RDX+32]
; 77A8:       488B4C8F01       MOV RCX, [RDI+RCX*4+1]
; 77AD:       480FBAE937       BTS RCX, 55
; 77B2:       48898C9781000000 MOV [RDI+RDX*4+129], RCX
; 77BA:       488D4A24         LEA RCX, [RDX+36]
; 77BE:       488B4C8F01       MOV RCX, [RDI+RCX*4+1]
; 77C3:       480FBAE936       BTS RCX, 54
; 77C8:       48898C9791000000 MOV [RDI+RDX*4+145], RCX
; 77D0:       488D4A28         LEA RCX, [RDX+40]
; 77D4:       488B4C8F01       MOV RCX, [RDI+RCX*4+1]
; 77D9:       480FBAE935       BTS RCX, 53
; 77DE:       48898C97A1000000 MOV [RDI+RDX*4+161], RCX
; 77E6:       488D4A2C         LEA RCX, [RDX+44]
; 77EA:       488B4C8F01       MOV RCX, [RDI+RCX*4+1]
; 77EF:       480FBAE934       BTS RCX, 52
; 77F4:       48898C97B1000000 MOV [RDI+RDX*4+177], RCX
; 77FC:       488D4A30         LEA RCX, [RDX+48]
; 7800:       488B4C8F01       MOV RCX, [RDI+RCX*4+1]
; 7805:       480FBAE933       BTS RCX, 51
; 780A:       48898C97C1000000 MOV [RDI+RDX*4+193], RCX
; 7812:       488D4A34         LEA RCX, [RDX+52]
; 7816:       488B4C8F01       MOV RCX, [RDI+RCX*4+1]
; 781B:       480FBAE932       BTS RCX, 50
; 7820:       48898C97D1000000 MOV [RDI+RDX*4+209], RCX
; 7828:       488D4A38         LEA RCX, [RDX+56]
; 782C:       488B4C8F01       MOV RCX, [RDI+RCX*4+1]
; 7831:       480FBAE931       BTS RCX, 49
; 7836:       48898C97E1000000 MOV [RDI+RDX*4+225], RCX
; 783E:       488D4A3C         LEA RCX, [RDX+60]
; 7842:       488B4C8F01       MOV RCX, [RDI+RCX*4+1]
; 7847:       480FBAE930       BTS RCX, 48
; 784C:       48898C97F1000000 MOV [RDI+RDX*4+241], RCX
; 7854:       488D4A40         LEA RCX, [RDX+64]
; 7858:       488B4C8F01       MOV RCX, [RDI+RCX*4+1]
; 785D:       480FBAE92F       BTS RCX, 47
; 7862:       48898C9701010000 MOV [RDI+RDX*4+257], RCX
; 786A:       488D4A44         LEA RCX, [RDX+68]
; 786E:       488B4C8F01       MOV RCX, [RDI+RCX*4+1]
; 7873:       480FBAE92E       BTS RCX, 46
; 7878:       48898C9711010000 MOV [RDI+RDX*4+273], RCX
; 7880:       488D4A48         LEA RCX, [RDX+72]
; 7884:       488B4C8F01       MOV RCX, [RDI+RCX*4+1]
; 7889:       480FBAE92D       BTS RCX, 45
; 788E:       48898C9721010000 MOV [RDI+RDX*4+289], RCX
; 7896:       488D4A4C         LEA RCX, [RDX+76]
; 789A:       488B4C8F01       MOV RCX, [RDI+RCX*4+1]
; 789F:       480FBAE92C       BTS RCX, 44
; 78A4:       48898C9731010000 MOV [RDI+RDX*4+305], RCX
; 78AC:       488D4A50         LEA RCX, [RDX+80]
; 78B0:       488B4C8F01       MOV RCX, [RDI+RCX*4+1]
; 78B5:       480FBAE92B       BTS RCX, 43
; 78BA:       48898C9741010000 MOV [RDI+RDX*4+321], RCX
; 78C2:       488D4A54         LEA RCX, [RDX+84]
; 78C6:       488B4C8F01       MOV RCX, [RDI+RCX*4+1]
; 78CB:       480FBAE92A       BTS RCX, 42
; 78D0:       48898C9751010000 MOV [RDI+RDX*4+337], RCX
; 78D8:       488D4A58         LEA RCX, [RDX+88]
; 78DC:       488B4C8F01       MOV RCX, [RDI+RCX*4+1]
; 78E1:       480FBAE929       BTS RCX, 41
; 78E6:       48898C9761010000 MOV [RDI+RDX*4+353], RCX
; 78EE:       488D4A5C         LEA RCX, [RDX+92]
; 78F2:       488B4C8F01       MOV RCX, [RDI+RCX*4+1]
; 78F7:       480FBAE928       BTS RCX, 40
; 78FC:       48898C9771010000 MOV [RDI+RDX*4+369], RCX
; 7904:       488D4A60         LEA RCX, [RDX+96]
; 7908:       488B4C8F01       MOV RCX, [RDI+RCX*4+1]
; 790D:       480FBAE927       BTS RCX, 39
; 7912:       48898C9781010000 MOV [RDI+RDX*4+385], RCX
; 791A:       488D4A64         LEA RCX, [RDX+100]
; 791E:       488B4C8F01       MOV RCX, [RDI+RCX*4+1]
; 7923:       480FBAE926       BTS RCX, 38
; 7928:       48898C9791010000 MOV [RDI+RDX*4+401], RCX
; 7930:       488D4A68         LEA RCX, [RDX+104]
; 7934:       488B4C8F01       MOV RCX, [RDI+RCX*4+1]
; 7939:       480FBAE925       BTS RCX, 37
; 793E:       48898C97A1010000 MOV [RDI+RDX*4+417], RCX
; 7946:       488D4A6C         LEA RCX, [RDX+108]
; 794A:       488B4C8F01       MOV RCX, [RDI+RCX*4+1]
; 794F:       480FBAE924       BTS RCX, 36
; 7954:       48898C97B1010000 MOV [RDI+RDX*4+433], RCX
; 795C:       488D4A70         LEA RCX, [RDX+112]
; 7960:       488B4C8F01       MOV RCX, [RDI+RCX*4+1]
; 7965:       480FBAE923       BTS RCX, 35
; 796A:       48898C97C1010000 MOV [RDI+RDX*4+449], RCX
; 7972:       488D4A74         LEA RCX, [RDX+116]
; 7976:       488B4C8F01       MOV RCX, [RDI+RCX*4+1]
; 797B:       480FBAE922       BTS RCX, 34
; 7980:       48898C97D1010000 MOV [RDI+RDX*4+465], RCX
; 7988:       488D4A78         LEA RCX, [RDX+120]
; 798C:       488B4C8F01       MOV RCX, [RDI+RCX*4+1]
; 7991:       480FBAE921       BTS RCX, 33
; 7996:       48898C97E1010000 MOV [RDI+RDX*4+481], RCX
; 799E:       488D4A7C         LEA RCX, [RDX+124]
; 79A2:       488B4C8F01       MOV RCX, [RDI+RCX*4+1]
; 79A7:       480FBAE920       BTS RCX, 32
; 79AC:       48898C97F1010000 MOV [RDI+RDX*4+497], RCX
; 79B4:       488D8A80000000   LEA RCX, [RDX+128]
; 79BB:       488B4C8F01       MOV RCX, [RDI+RCX*4+1]
; 79C0:       480FBAE91F       BTS RCX, 31
; 79C5:       48898C9701020000 MOV [RDI+RDX*4+513], RCX
; 79CD:       488D8A84000000   LEA RCX, [RDX+132]
; 79D4:       488B4C8F01       MOV RCX, [RDI+RCX*4+1]
; 79D9:       4881C900000040   OR RCX, 1073741824
; 79E0:       48898C9711020000 MOV [RDI+RDX*4+529], RCX
; 79E8:       488D8A88000000   LEA RCX, [RDX+136]
; 79EF:       488B4C8F01       MOV RCX, [RDI+RCX*4+1]
; 79F4:       4881C900000020   OR RCX, 536870912
; 79FB:       48898C9721020000 MOV [RDI+RDX*4+545], RCX
; 7A03:       488D8A8C000000   LEA RCX, [RDX+140]
; 7A0A:       488B4C8F01       MOV RCX, [RDI+RCX*4+1]
; 7A0F:       4881C900000010   OR RCX, 268435456
; 7A16:       48898C9731020000 MOV [RDI+RDX*4+561], RCX
; 7A1E:       488D8A90000000   LEA RCX, [RDX+144]
; 7A25:       488B4C8F01       MOV RCX, [RDI+RCX*4+1]
; 7A2A:       4881C900000008   OR RCX, 134217728
; 7A31:       48898C9741020000 MOV [RDI+RDX*4+577], RCX
; 7A39:       488D8A94000000   LEA RCX, [RDX+148]
; 7A40:       488B4C8F01       MOV RCX, [RDI+RCX*4+1]
; 7A45:       4881C900000004   OR RCX, 67108864
; 7A4C:       48898C9751020000 MOV [RDI+RDX*4+593], RCX
; 7A54:       488D8A98000000   LEA RCX, [RDX+152]
; 7A5B:       488B4C8F01       MOV RCX, [RDI+RCX*4+1]
; 7A60:       4881C900000002   OR RCX, 33554432
; 7A67:       48898C9761020000 MOV [RDI+RDX*4+609], RCX
; 7A6F:       488D8A9C000000   LEA RCX, [RDX+156]
; 7A76:       488B4C8F01       MOV RCX, [RDI+RCX*4+1]
; 7A7B:       4881C900000001   OR RCX, 16777216
; 7A82:       48898C9771020000 MOV [RDI+RDX*4+625], RCX
; 7A8A:       488D8AA0000000   LEA RCX, [RDX+160]
; 7A91:       488B4C8F01       MOV RCX, [RDI+RCX*4+1]
; 7A96:       4881C900008000   OR RCX, 8388608
; 7A9D:       48898C9781020000 MOV [RDI+RDX*4+641], RCX
; 7AA5:       488D8AA4000000   LEA RCX, [RDX+164]
; 7AAC:       488B4C8F01       MOV RCX, [RDI+RCX*4+1]
; 7AB1:       4881C900004000   OR RCX, 4194304
; 7AB8:       48898C9791020000 MOV [RDI+RDX*4+657], RCX
; 7AC0:       488D8AA8000000   LEA RCX, [RDX+168]
; 7AC7:       488B4C8F01       MOV RCX, [RDI+RCX*4+1]
; 7ACC:       4881C900002000   OR RCX, 2097152
; 7AD3:       48898C97A1020000 MOV [RDI+RDX*4+673], RCX
; 7ADB:       488D8AAC000000   LEA RCX, [RDX+172]
; 7AE2:       488B4C8F01       MOV RCX, [RDI+RCX*4+1]
; 7AE7:       4881C900001000   OR RCX, 1048576
; 7AEE:       48898C97B1020000 MOV [RDI+RDX*4+689], RCX
; 7AF6:       488D8AB0000000   LEA RCX, [RDX+176]
; 7AFD:       488B4C8F01       MOV RCX, [RDI+RCX*4+1]
; 7B02:       4881C900000800   OR RCX, 524288
; 7B09:       48898C97C1020000 MOV [RDI+RDX*4+705], RCX
; 7B11:       488D8AB4000000   LEA RCX, [RDX+180]
; 7B18:       488B4C8F01       MOV RCX, [RDI+RCX*4+1]
; 7B1D:       4881C900000400   OR RCX, 262144
; 7B24:       48898C97D1020000 MOV [RDI+RDX*4+721], RCX
; 7B2C:       488D8AB8000000   LEA RCX, [RDX+184]
; 7B33:       488B4C8F01       MOV RCX, [RDI+RCX*4+1]
; 7B38:       4881C900000200   OR RCX, 131072
; 7B3F:       48898C97E1020000 MOV [RDI+RDX*4+737], RCX
; 7B47:       488D8ABC000000   LEA RCX, [RDX+188]
; 7B4E:       488B4C8F01       MOV RCX, [RDI+RCX*4+1]
; 7B53:       4881C900000100   OR RCX, 65536
; 7B5A:       48898C97F1020000 MOV [RDI+RDX*4+753], RCX
; 7B62:       488D8AC0000000   LEA RCX, [RDX+192]
; 7B69:       488B4C8F01       MOV RCX, [RDI+RCX*4+1]
; 7B6E:       4881C900800000   OR RCX, 32768
; 7B75:       48898C9701030000 MOV [RDI+RDX*4+769], RCX
; 7B7D:       488D8AC4000000   LEA RCX, [RDX+196]
; 7B84:       488B4C8F01       MOV RCX, [RDI+RCX*4+1]
; 7B89:       4881C900400000   OR RCX, 16384
; 7B90:       48898C9711030000 MOV [RDI+RDX*4+785], RCX
; 7B98:       488D8AC8000000   LEA RCX, [RDX+200]
; 7B9F:       488B4C8F01       MOV RCX, [RDI+RCX*4+1]
; 7BA4:       4881C900200000   OR RCX, 8192
; 7BAB:       48898C9721030000 MOV [RDI+RDX*4+801], RCX
; 7BB3:       488D8ACC000000   LEA RCX, [RDX+204]
; 7BBA:       488B4C8F01       MOV RCX, [RDI+RCX*4+1]
; 7BBF:       4881C900100000   OR RCX, 4096
; 7BC6:       48898C9731030000 MOV [RDI+RDX*4+817], RCX
; 7BCE:       488D8AD0000000   LEA RCX, [RDX+208]
; 7BD5:       488B4C8F01       MOV RCX, [RDI+RCX*4+1]
; 7BDA:       4881C900080000   OR RCX, 2048
; 7BE1:       48898C9741030000 MOV [RDI+RDX*4+833], RCX
; 7BE9:       488D8AD4000000   LEA RCX, [RDX+212]
; 7BF0:       488B4C8F01       MOV RCX, [RDI+RCX*4+1]
; 7BF5:       4881C900040000   OR RCX, 1024
; 7BFC:       48898C9751030000 MOV [RDI+RDX*4+849], RCX
; 7C04:       488D8AD8000000   LEA RCX, [RDX+216]
; 7C0B:       488B4C8F01       MOV RCX, [RDI+RCX*4+1]
; 7C10:       4881C900020000   OR RCX, 512
; 7C17:       48898C9761030000 MOV [RDI+RDX*4+865], RCX
; 7C1F:       488D8ADC000000   LEA RCX, [RDX+220]
; 7C26:       488B4C8F01       MOV RCX, [RDI+RCX*4+1]
; 7C2B:       4881C900010000   OR RCX, 256
; 7C32:       48898C9771030000 MOV [RDI+RDX*4+881], RCX
; 7C3A:       488D8AE0000000   LEA RCX, [RDX+224]
; 7C41:       488B4C8F01       MOV RCX, [RDI+RCX*4+1]
; 7C46:       4881C980000000   OR RCX, 128
; 7C4D:       48898C9781030000 MOV [RDI+RDX*4+897], RCX
; 7C55:       488D8AE4000000   LEA RCX, [RDX+228]
; 7C5C:       488B4C8F01       MOV RCX, [RDI+RCX*4+1]
; 7C61:       4883C940         OR RCX, 64
; 7C65:       48898C9791030000 MOV [RDI+RDX*4+913], RCX
; 7C6D:       488D8AE8000000   LEA RCX, [RDX+232]
; 7C74:       488B4C8F01       MOV RCX, [RDI+RCX*4+1]
; 7C79:       4883C920         OR RCX, 32
; 7C7D:       48898C97A1030000 MOV [RDI+RDX*4+929], RCX
; 7C85:       488D8AEC000000   LEA RCX, [RDX+236]
; 7C8C:       488B4C8F01       MOV RCX, [RDI+RCX*4+1]
; 7C91:       4883C910         OR RCX, 16
; 7C95:       48898C97B1030000 MOV [RDI+RDX*4+945], RCX
; 7C9D:       488D8AF0000000   LEA RCX, [RDX+240]
; 7CA4:       488B4C8F01       MOV RCX, [RDI+RCX*4+1]
; 7CA9:       4883C908         OR RCX, 8
; 7CAD:       48898C97C1030000 MOV [RDI+RDX*4+961], RCX
; 7CB5:       488D8AF4000000   LEA RCX, [RDX+244]
; 7CBC:       488B4C8F01       MOV RCX, [RDI+RCX*4+1]
; 7CC1:       4883C904         OR RCX, 4
; 7CC5:       48898C97D1030000 MOV [RDI+RDX*4+977], RCX
; 7CCD:       488D8AF8000000   LEA RCX, [RDX+248]
; 7CD4:       488B4C8F01       MOV RCX, [RDI+RCX*4+1]
; 7CD9:       4883C902         OR RCX, 2
; 7CDD:       48898C97E1030000 MOV [RDI+RDX*4+993], RCX
; 7CE5:       488D8AFC000000   LEA RCX, [RDX+252]
; 7CEC:       488B4C8F01       MOV RCX, [RDI+RCX*4+1]
; 7CF1:       4883C901         OR RCX, 1
; 7CF5:       48898C97F1030000 MOV [RDI+RDX*4+1009], RCX
; 7CFD:       4881C2FE000000   ADD RDX, 254
; 7D04: L1:   488D8AFE000000   LEA RCX, [RDX+254]
; 7D0B:       4839D9           CMP RCX, RBX
; 7D0E:       0F8EFCF9FFFF     JLE L0
; 7D14:       4839DA           CMP RDX, RBX
; 7D17:       7D0F             JGE L2
; 7D19:       488B4C9701       MOV RCX, [RDI+RDX*4+1]
; 7D1E:       480FBAE93F       BTS RCX, 63
; 7D23:       48894C9701       MOV [RDI+RDX*4+1], RCX
; 7D28: L2:   488D4A04         LEA RCX, [RDX+4]
; 7D2C:       4839D9           CMP RCX, RBX
; 7D2F:       0F8C940A0000     JL L128
; 7D35: L3:   488D4A08         LEA RCX, [RDX+8]
; 7D39:       4839D9           CMP RCX, RBX
; 7D3C:       0F8C6F0A0000     JL L127
; 7D42: L4:   488D4A0C         LEA RCX, [RDX+12]
; 7D46:       4839D9           CMP RCX, RBX
; 7D49:       0F8C4A0A0000     JL L126
; 7D4F: L5:   488D4A10         LEA RCX, [RDX+16]
; 7D53:       4839D9           CMP RCX, RBX
; 7D56:       0F8C250A0000     JL L125
; 7D5C: L6:   488D4A14         LEA RCX, [RDX+20]
; 7D60:       4839D9           CMP RCX, RBX
; 7D63:       0F8C000A0000     JL L124
; 7D69: L7:   488D4A18         LEA RCX, [RDX+24]
; 7D6D:       4839D9           CMP RCX, RBX
; 7D70:       0F8CDB090000     JL L123
; 7D76: L8:   488D4A1C         LEA RCX, [RDX+28]
; 7D7A:       4839D9           CMP RCX, RBX
; 7D7D:       0F8CB6090000     JL L122
; 7D83: L9:   488D4A20         LEA RCX, [RDX+32]
; 7D87:       4839D9           CMP RCX, RBX
; 7D8A:       0F8C8E090000     JL L121
; 7D90: L10:  488D4A24         LEA RCX, [RDX+36]
; 7D94:       4839D9           CMP RCX, RBX
; 7D97:       0F8C66090000     JL L120
; 7D9D: L11:  488D4A28         LEA RCX, [RDX+40]
; 7DA1:       4839D9           CMP RCX, RBX
; 7DA4:       0F8C3E090000     JL L119
; 7DAA: L12:  488D4A2C         LEA RCX, [RDX+44]
; 7DAE:       4839D9           CMP RCX, RBX
; 7DB1:       0F8C16090000     JL L118
; 7DB7: L13:  488D4A30         LEA RCX, [RDX+48]
; 7DBB:       4839D9           CMP RCX, RBX
; 7DBE:       0F8CEE080000     JL L117
; 7DC4: L14:  488D4A34         LEA RCX, [RDX+52]
; 7DC8:       4839D9           CMP RCX, RBX
; 7DCB:       0F8CC6080000     JL L116
; 7DD1: L15:  488D4A38         LEA RCX, [RDX+56]
; 7DD5:       4839D9           CMP RCX, RBX
; 7DD8:       0F8C9E080000     JL L115
; 7DDE: L16:  488D4A3C         LEA RCX, [RDX+60]
; 7DE2:       4839D9           CMP RCX, RBX
; 7DE5:       0F8C76080000     JL L114
; 7DEB: L17:  488D4A40         LEA RCX, [RDX+64]
; 7DEF:       4839D9           CMP RCX, RBX
; 7DF2:       0F8C4E080000     JL L113
; 7DF8: L18:  488D4A44         LEA RCX, [RDX+68]
; 7DFC:       4839D9           CMP RCX, RBX
; 7DFF:       0F8C26080000     JL L112
; 7E05: L19:  488D4A48         LEA RCX, [RDX+72]
; 7E09:       4839D9           CMP RCX, RBX
; 7E0C:       0F8CFE070000     JL L111
; 7E12: L20:  488D4A4C         LEA RCX, [RDX+76]
; 7E16:       4839D9           CMP RCX, RBX
; 7E19:       0F8CD6070000     JL L110
; 7E1F: L21:  488D4A50         LEA RCX, [RDX+80]
; 7E23:       4839D9           CMP RCX, RBX
; 7E26:       0F8CAE070000     JL L109
; 7E2C: L22:  488D4A54         LEA RCX, [RDX+84]
; 7E30:       4839D9           CMP RCX, RBX
; 7E33:       0F8C86070000     JL L108
; 7E39: L23:  488D4A58         LEA RCX, [RDX+88]
; 7E3D:       4839D9           CMP RCX, RBX
; 7E40:       0F8C5E070000     JL L107
; 7E46: L24:  488D4A5C         LEA RCX, [RDX+92]
; 7E4A:       4839D9           CMP RCX, RBX
; 7E4D:       0F8C36070000     JL L106
; 7E53: L25:  488D4A60         LEA RCX, [RDX+96]
; 7E57:       4839D9           CMP RCX, RBX
; 7E5A:       0F8C0E070000     JL L105
; 7E60: L26:  488D4A64         LEA RCX, [RDX+100]
; 7E64:       4839D9           CMP RCX, RBX
; 7E67:       0F8CE6060000     JL L104
; 7E6D: L27:  488D4A68         LEA RCX, [RDX+104]
; 7E71:       4839D9           CMP RCX, RBX
; 7E74:       0F8CBE060000     JL L103
; 7E7A: L28:  488D4A6C         LEA RCX, [RDX+108]
; 7E7E:       4839D9           CMP RCX, RBX
; 7E81:       0F8C96060000     JL L102
; 7E87: L29:  488D4A70         LEA RCX, [RDX+112]
; 7E8B:       4839D9           CMP RCX, RBX
; 7E8E:       0F8C6E060000     JL L101
; 7E94: L30:  488D4A74         LEA RCX, [RDX+116]
; 7E98:       4839D9           CMP RCX, RBX
; 7E9B:       0F8C46060000     JL L100
; 7EA1: L31:  488D4A78         LEA RCX, [RDX+120]
; 7EA5:       4839D9           CMP RCX, RBX
; 7EA8:       0F8C1E060000     JL L99
; 7EAE: L32:  488D4A7C         LEA RCX, [RDX+124]
; 7EB2:       4839D9           CMP RCX, RBX
; 7EB5:       0F8CF6050000     JL L98
; 7EBB: L33:  488D8A80000000   LEA RCX, [RDX+128]
; 7EC2:       4839D9           CMP RCX, RBX
; 7EC5:       0F8CC8050000     JL L97
; 7ECB: L34:  488D8A84000000   LEA RCX, [RDX+132]
; 7ED2:       4839D9           CMP RCX, RBX
; 7ED5:       0F8C98050000     JL L96
; 7EDB: L35:  488D8A88000000   LEA RCX, [RDX+136]
; 7EE2:       4839D9           CMP RCX, RBX
; 7EE5:       0F8C68050000     JL L95
; 7EEB: L36:  488D8A8C000000   LEA RCX, [RDX+140]
; 7EF2:       4839D9           CMP RCX, RBX
; 7EF5:       0F8C38050000     JL L94
; 7EFB: L37:  488D8A90000000   LEA RCX, [RDX+144]
; 7F02:       4839D9           CMP RCX, RBX
; 7F05:       0F8C08050000     JL L93
; 7F0B: L38:  488D8A94000000   LEA RCX, [RDX+148]
; 7F12:       4839D9           CMP RCX, RBX
; 7F15:       0F8CD8040000     JL L92
; 7F1B: L39:  488D8A98000000   LEA RCX, [RDX+152]
; 7F22:       4839D9           CMP RCX, RBX
; 7F25:       0F8CA8040000     JL L91
; 7F2B: L40:  488D8A9C000000   LEA RCX, [RDX+156]
; 7F32:       4839D9           CMP RCX, RBX
; 7F35:       0F8C78040000     JL L90
; 7F3B: L41:  488D8AA0000000   LEA RCX, [RDX+160]
; 7F42:       4839D9           CMP RCX, RBX
; 7F45:       0F8C48040000     JL L89
; 7F4B: L42:  488D8AA4000000   LEA RCX, [RDX+164]
; 7F52:       4839D9           CMP RCX, RBX
; 7F55:       0F8C18040000     JL L88
; 7F5B: L43:  488D8AA8000000   LEA RCX, [RDX+168]
; 7F62:       4839D9           CMP RCX, RBX
; 7F65:       0F8CE8030000     JL L87
; 7F6B: L44:  488D8AAC000000   LEA RCX, [RDX+172]
; 7F72:       4839D9           CMP RCX, RBX
; 7F75:       0F8CB8030000     JL L86
; 7F7B: L45:  488D8AB0000000   LEA RCX, [RDX+176]
; 7F82:       4839D9           CMP RCX, RBX
; 7F85:       0F8C88030000     JL L85
; 7F8B: L46:  488D8AB4000000   LEA RCX, [RDX+180]
; 7F92:       4839D9           CMP RCX, RBX
; 7F95:       0F8C58030000     JL L84
; 7F9B: L47:  488D8AB8000000   LEA RCX, [RDX+184]
; 7FA2:       4839D9           CMP RCX, RBX
; 7FA5:       0F8C28030000     JL L83
; 7FAB: L48:  488D8ABC000000   LEA RCX, [RDX+188]
; 7FB2:       4839D9           CMP RCX, RBX
; 7FB5:       0F8CF8020000     JL L82
; 7FBB: L49:  488D8AC0000000   LEA RCX, [RDX+192]
; 7FC2:       4839D9           CMP RCX, RBX
; 7FC5:       0F8CC8020000     JL L81
; 7FCB: L50:  488D8AC4000000   LEA RCX, [RDX+196]
; 7FD2:       4839D9           CMP RCX, RBX
; 7FD5:       0F8C98020000     JL L80
; 7FDB: L51:  488D8AC8000000   LEA RCX, [RDX+200]
; 7FE2:       4839D9           CMP RCX, RBX
; 7FE5:       0F8C68020000     JL L79
; 7FEB: L52:  488D8ACC000000   LEA RCX, [RDX+204]
; 7FF2:       4839D9           CMP RCX, RBX
; 7FF5:       0F8C38020000     JL L78
; 7FFB: L53:  488D8AD0000000   LEA RCX, [RDX+208]
; 8002:       4839D9           CMP RCX, RBX
; 8005:       0F8C08020000     JL L77
; 800B: L54:  488D8AD4000000   LEA RCX, [RDX+212]
; 8012:       4839D9           CMP RCX, RBX
; 8015:       0F8CD8010000     JL L76
; 801B: L55:  488D8AD8000000   LEA RCX, [RDX+216]
; 8022:       4839D9           CMP RCX, RBX
; 8025:       0F8CA8010000     JL L75
; 802B: L56:  488D8ADC000000   LEA RCX, [RDX+220]
; 8032:       4839D9           CMP RCX, RBX
; 8035:       0F8C78010000     JL L74
; 803B: L57:  488D8AE0000000   LEA RCX, [RDX+224]
; 8042:       4839D9           CMP RCX, RBX
; 8045:       0F8C48010000     JL L73
; 804B: L58:  488D8AE4000000   LEA RCX, [RDX+228]
; 8052:       4839D9           CMP RCX, RBX
; 8055:       0F8C1B010000     JL L72
; 805B: L59:  488D8AE8000000   LEA RCX, [RDX+232]
; 8062:       4839D9           CMP RCX, RBX
; 8065:       0F8CEE000000     JL L71
; 806B: L60:  488D8AEC000000   LEA RCX, [RDX+236]
; 8072:       4839D9           CMP RCX, RBX
; 8075:       0F8CC1000000     JL L70
; 807B: L61:  488D8AF0000000   LEA RCX, [RDX+240]
; 8082:       4839D9           CMP RCX, RBX
; 8085:       0F8C94000000     JL L69
; 808B: L62:  488D8AF4000000   LEA RCX, [RDX+244]
; 8092:       4839D9           CMP RCX, RBX
; 8095:       7C6B             JL L68
; 8097: L63:  488D8AF8000000   LEA RCX, [RDX+248]
; 809E:       4839D9           CMP RCX, RBX
; 80A1:       7C45             JL L67
; 80A3: L64:  488D8AFC000000   LEA RCX, [RDX+252]
; 80AA:       4839D9           CMP RCX, RBX
; 80AD:       7C1F             JL L66
; 80AF: L65:  488B4F01         MOV RCX, [RDI+1]
; 80B3:       480FBAF13F       BTR RCX, 63
; 80B8:       48894F01         MOV [RDI+1], RCX
; 80BC:       488D5D10         LEA RBX, [RBP+16]
; 80C0:       31C9             XOR ECX, ECX
; 80C2:       498BFC           MOV RDI, R12                   ; NIL
; 80C5:       488BF7           MOV RSI, RDI
; 80C8:       488BD7           MOV RDX, RDI
; 80CB:       F9               STC
; 80CC:       C9               LEAVE
; 80CD:       C3               RET
; 80CE: L66:  488D8AFC000000   LEA RCX, [RDX+252]
; 80D5:       488B4C8F01       MOV RCX, [RDI+RCX*4+1]
; 80DA:       4883C901         OR RCX, 1
; 80DE:       48898C97F1030000 MOV [RDI+RDX*4+1009], RCX
; 80E6:       EBC7             JMP L65
; 80E8: L67:  488D8AF8000000   LEA RCX, [RDX+248]
; 80EF:       488B4C8F01       MOV RCX, [RDI+RCX*4+1]
; 80F4:       4883C902         OR RCX, 2
; 80F8:       48898C97E1030000 MOV [RDI+RDX*4+993], RCX
; 8100:       EBA1             JMP L64
; 8102: L68:  488D8AF4000000   LEA RCX, [RDX+244]
; 8109:       488B4C8F01       MOV RCX, [RDI+RCX*4+1]
; 810E:       4883C904         OR RCX, 4
; 8112:       48898C97D1030000 MOV [RDI+RDX*4+977], RCX
; 811A:       E978FFFFFF       JMP L63
; 811F: L69:  488D8AF0000000   LEA RCX, [RDX+240]
; 8126:       488B4C8F01       MOV RCX, [RDI+RCX*4+1]
; 812B:       4883C908         OR RCX, 8
; 812F:       48898C97C1030000 MOV [RDI+RDX*4+961], RCX
; 8137:       E94FFFFFFF       JMP L62
; 813C: L70:  488D8AEC000000   LEA RCX, [RDX+236]
; 8143:       488B4C8F01       MOV RCX, [RDI+RCX*4+1]
; 8148:       4883C910         OR RCX, 16
; 814C:       48898C97B1030000 MOV [RDI+RDX*4+945], RCX
; 8154:       E922FFFFFF       JMP L61
; 8159: L71:  488D8AE8000000   LEA RCX, [RDX+232]
; 8160:       488B4C8F01       MOV RCX, [RDI+RCX*4+1]
; 8165:       4883C920         OR RCX, 32
; 8169:       48898C97A1030000 MOV [RDI+RDX*4+929], RCX
; 8171:       E9F5FEFFFF       JMP L60
; 8176: L72:  488D8AE4000000   LEA RCX, [RDX+228]
; 817D:       488B4C8F01       MOV RCX, [RDI+RCX*4+1]
; 8182:       4883C940         OR RCX, 64
; 8186:       48898C9791030000 MOV [RDI+RDX*4+913], RCX
; 818E:       E9C8FEFFFF       JMP L59
; 8193: L73:  488D8AE0000000   LEA RCX, [RDX+224]
; 819A:       488B4C8F01       MOV RCX, [RDI+RCX*4+1]
; 819F:       4881C980000000   OR RCX, 128
; 81A6:       48898C9781030000 MOV [RDI+RDX*4+897], RCX
; 81AE:       E998FEFFFF       JMP L58
; 81B3: L74:  488D8ADC000000   LEA RCX, [RDX+220]
; 81BA:       488B4C8F01       MOV RCX, [RDI+RCX*4+1]
; 81BF:       4881C900010000   OR RCX, 256
; 81C6:       48898C9771030000 MOV [RDI+RDX*4+881], RCX
; 81CE:       E968FEFFFF       JMP L57
; 81D3: L75:  488D8AD8000000   LEA RCX, [RDX+216]
; 81DA:       488B4C8F01       MOV RCX, [RDI+RCX*4+1]
; 81DF:       4881C900020000   OR RCX, 512
; 81E6:       48898C9761030000 MOV [RDI+RDX*4+865], RCX
; 81EE:       E938FEFFFF       JMP L56
; 81F3: L76:  488D8AD4000000   LEA RCX, [RDX+212]
; 81FA:       488B4C8F01       MOV RCX, [RDI+RCX*4+1]
; 81FF:       4881C900040000   OR RCX, 1024
; 8206:       48898C9751030000 MOV [RDI+RDX*4+849], RCX
; 820E:       E908FEFFFF       JMP L55
; 8213: L77:  488D8AD0000000   LEA RCX, [RDX+208]
; 821A:       488B4C8F01       MOV RCX, [RDI+RCX*4+1]
; 821F:       4881C900080000   OR RCX, 2048
; 8226:       48898C9741030000 MOV [RDI+RDX*4+833], RCX
; 822E:       E9D8FDFFFF       JMP L54
; 8233: L78:  488D8ACC000000   LEA RCX, [RDX+204]
; 823A:       488B4C8F01       MOV RCX, [RDI+RCX*4+1]
; 823F:       4881C900100000   OR RCX, 4096
; 8246:       48898C9731030000 MOV [RDI+RDX*4+817], RCX
; 824E:       E9A8FDFFFF       JMP L53
; 8253: L79:  488D8AC8000000   LEA RCX, [RDX+200]
; 825A:       488B4C8F01       MOV RCX, [RDI+RCX*4+1]
; 825F:       4881C900200000   OR RCX, 8192
; 8266:       48898C9721030000 MOV [RDI+RDX*4+801], RCX
; 826E:       E978FDFFFF       JMP L52
; 8273: L80:  488D8AC4000000   LEA RCX, [RDX+196]
; 827A:       488B4C8F01       MOV RCX, [RDI+RCX*4+1]
; 827F:       4881C900400000   OR RCX, 16384
; 8286:       48898C9711030000 MOV [RDI+RDX*4+785], RCX
; 828E:       E948FDFFFF       JMP L51
; 8293: L81:  488D8AC0000000   LEA RCX, [RDX+192]
; 829A:       488B4C8F01       MOV RCX, [RDI+RCX*4+1]
; 829F:       4881C900800000   OR RCX, 32768
; 82A6:       48898C9701030000 MOV [RDI+RDX*4+769], RCX
; 82AE:       E918FDFFFF       JMP L50
; 82B3: L82:  488D8ABC000000   LEA RCX, [RDX+188]
; 82BA:       488B4C8F01       MOV RCX, [RDI+RCX*4+1]
; 82BF:       4881C900000100   OR RCX, 65536
; 82C6:       48898C97F1020000 MOV [RDI+RDX*4+753], RCX
; 82CE:       E9E8FCFFFF       JMP L49
; 82D3: L83:  488D8AB8000000   LEA RCX, [RDX+184]
; 82DA:       488B4C8F01       MOV RCX, [RDI+RCX*4+1]
; 82DF:       4881C900000200   OR RCX, 131072
; 82E6:       48898C97E1020000 MOV [RDI+RDX*4+737], RCX
; 82EE:       E9B8FCFFFF       JMP L48
; 82F3: L84:  488D8AB4000000   LEA RCX, [RDX+180]
; 82FA:       488B4C8F01       MOV RCX, [RDI+RCX*4+1]
; 82FF:       4881C900000400   OR RCX, 262144
; 8306:       48898C97D1020000 MOV [RDI+RDX*4+721], RCX
; 830E:       E988FCFFFF       JMP L47
; 8313: L85:  488D8AB0000000   LEA RCX, [RDX+176]
; 831A:       488B4C8F01       MOV RCX, [RDI+RCX*4+1]
; 831F:       4881C900000800   OR RCX, 524288
; 8326:       48898C97C1020000 MOV [RDI+RDX*4+705], RCX
; 832E:       E958FCFFFF       JMP L46
; 8333: L86:  488D8AAC000000   LEA RCX, [RDX+172]
; 833A:       488B4C8F01       MOV RCX, [RDI+RCX*4+1]
; 833F:       4881C900001000   OR RCX, 1048576
; 8346:       48898C97B1020000 MOV [RDI+RDX*4+689], RCX
; 834E:       E928FCFFFF       JMP L45
; 8353: L87:  488D8AA8000000   LEA RCX, [RDX+168]
; 835A:       488B4C8F01       MOV RCX, [RDI+RCX*4+1]
; 835F:       4881C900002000   OR RCX, 2097152
; 8366:       48898C97A1020000 MOV [RDI+RDX*4+673], RCX
; 836E:       E9F8FBFFFF       JMP L44
; 8373: L88:  488D8AA4000000   LEA RCX, [RDX+164]
; 837A:       488B4C8F01       MOV RCX, [RDI+RCX*4+1]
; 837F:       4881C900004000   OR RCX, 4194304
; 8386:       48898C9791020000 MOV [RDI+RDX*4+657], RCX
; 838E:       E9C8FBFFFF       JMP L43
; 8393: L89:  488D8AA0000000   LEA RCX, [RDX+160]
; 839A:       488B4C8F01       MOV RCX, [RDI+RCX*4+1]
; 839F:       4881C900008000   OR RCX, 8388608
; 83A6:       48898C9781020000 MOV [RDI+RDX*4+641], RCX
; 83AE:       E998FBFFFF       JMP L42
; 83B3: L90:  488D8A9C000000   LEA RCX, [RDX+156]
; 83BA:       488B4C8F01       MOV RCX, [RDI+RCX*4+1]
; 83BF:       4881C900000001   OR RCX, 16777216
; 83C6:       48898C9771020000 MOV [RDI+RDX*4+625], RCX
; 83CE:       E968FBFFFF       JMP L41
; 83D3: L91:  488D8A98000000   LEA RCX, [RDX+152]
; 83DA:       488B4C8F01       MOV RCX, [RDI+RCX*4+1]
; 83DF:       4881C900000002   OR RCX, 33554432
; 83E6:       48898C9761020000 MOV [RDI+RDX*4+609], RCX
; 83EE:       E938FBFFFF       JMP L40
; 83F3: L92:  488D8A94000000   LEA RCX, [RDX+148]
; 83FA:       488B4C8F01       MOV RCX, [RDI+RCX*4+1]
; 83FF:       4881C900000004   OR RCX, 67108864
; 8406:       48898C9751020000 MOV [RDI+RDX*4+593], RCX
; 840E:       E908FBFFFF       JMP L39
; 8413: L93:  488D8A90000000   LEA RCX, [RDX+144]
; 841A:       488B4C8F01       MOV RCX, [RDI+RCX*4+1]
; 841F:       4881C900000008   OR RCX, 134217728
; 8426:       48898C9741020000 MOV [RDI+RDX*4+577], RCX
; 842E:       E9D8FAFFFF       JMP L38
; 8433: L94:  488D8A8C000000   LEA RCX, [RDX+140]
; 843A:       488B4C8F01       MOV RCX, [RDI+RCX*4+1]
; 843F:       4881C900000010   OR RCX, 268435456
; 8446:       48898C9731020000 MOV [RDI+RDX*4+561], RCX
; 844E:       E9A8FAFFFF       JMP L37
; 8453: L95:  488D8A88000000   LEA RCX, [RDX+136]
; 845A:       488B4C8F01       MOV RCX, [RDI+RCX*4+1]
; 845F:       4881C900000020   OR RCX, 536870912
; 8466:       48898C9721020000 MOV [RDI+RDX*4+545], RCX
; 846E:       E978FAFFFF       JMP L36
; 8473: L96:  488D8A84000000   LEA RCX, [RDX+132]
; 847A:       488B4C8F01       MOV RCX, [RDI+RCX*4+1]
; 847F:       4881C900000040   OR RCX, 1073741824
; 8486:       48898C9711020000 MOV [RDI+RDX*4+529], RCX
; 848E:       E948FAFFFF       JMP L35
; 8493: L97:  488D8A80000000   LEA RCX, [RDX+128]
; 849A:       488B4C8F01       MOV RCX, [RDI+RCX*4+1]
; 849F:       480FBAE91F       BTS RCX, 31
; 84A4:       48898C9701020000 MOV [RDI+RDX*4+513], RCX
; 84AC:       E91AFAFFFF       JMP L34
; 84B1: L98:  488D4A7C         LEA RCX, [RDX+124]
; 84B5:       488B4C8F01       MOV RCX, [RDI+RCX*4+1]
; 84BA:       480FBAE920       BTS RCX, 32
; 84BF:       48898C97F1010000 MOV [RDI+RDX*4+497], RCX
; 84C7:       E9EFF9FFFF       JMP L33
; 84CC: L99:  488D4A78         LEA RCX, [RDX+120]
; 84D0:       488B4C8F01       MOV RCX, [RDI+RCX*4+1]
; 84D5:       480FBAE921       BTS RCX, 33
; 84DA:       48898C97E1010000 MOV [RDI+RDX*4+481], RCX
; 84E2:       E9C7F9FFFF       JMP L32
; 84E7: L100: 488D4A74         LEA RCX, [RDX+116]
; 84EB:       488B4C8F01       MOV RCX, [RDI+RCX*4+1]
; 84F0:       480FBAE922       BTS RCX, 34
; 84F5:       48898C97D1010000 MOV [RDI+RDX*4+465], RCX
; 84FD:       E99FF9FFFF       JMP L31
; 8502: L101: 488D4A70         LEA RCX, [RDX+112]
; 8506:       488B4C8F01       MOV RCX, [RDI+RCX*4+1]
; 850B:       480FBAE923       BTS RCX, 35
; 8510:       48898C97C1010000 MOV [RDI+RDX*4+449], RCX
; 8518:       E977F9FFFF       JMP L30
; 851D: L102: 488D4A6C         LEA RCX, [RDX+108]
; 8521:       488B4C8F01       MOV RCX, [RDI+RCX*4+1]
; 8526:       480FBAE924       BTS RCX, 36
; 852B:       48898C97B1010000 MOV [RDI+RDX*4+433], RCX
; 8533:       E94FF9FFFF       JMP L29
; 8538: L103: 488D4A68         LEA RCX, [RDX+104]
; 853C:       488B4C8F01       MOV RCX, [RDI+RCX*4+1]
; 8541:       480FBAE925       BTS RCX, 37
; 8546:       48898C97A1010000 MOV [RDI+RDX*4+417], RCX
; 854E:       E927F9FFFF       JMP L28
; 8553: L104: 488D4A64         LEA RCX, [RDX+100]
; 8557:       488B4C8F01       MOV RCX, [RDI+RCX*4+1]
; 855C:       480FBAE926       BTS RCX, 38
; 8561:       48898C9791010000 MOV [RDI+RDX*4+401], RCX
; 8569:       E9FFF8FFFF       JMP L27
; 856E: L105: 488D4A60         LEA RCX, [RDX+96]
; 8572:       488B4C8F01       MOV RCX, [RDI+RCX*4+1]
; 8577:       480FBAE927       BTS RCX, 39
; 857C:       48898C9781010000 MOV [RDI+RDX*4+385], RCX
; 8584:       E9D7F8FFFF       JMP L26
; 8589: L106: 488D4A5C         LEA RCX, [RDX+92]
; 858D:       488B4C8F01       MOV RCX, [RDI+RCX*4+1]
; 8592:       480FBAE928       BTS RCX, 40
; 8597:       48898C9771010000 MOV [RDI+RDX*4+369], RCX
; 859F:       E9AFF8FFFF       JMP L25
; 85A4: L107: 488D4A58         LEA RCX, [RDX+88]
; 85A8:       488B4C8F01       MOV RCX, [RDI+RCX*4+1]
; 85AD:       480FBAE929       BTS RCX, 41
; 85B2:       48898C9761010000 MOV [RDI+RDX*4+353], RCX
; 85BA:       E987F8FFFF       JMP L24
; 85BF: L108: 488D4A54         LEA RCX, [RDX+84]
; 85C3:       488B4C8F01       MOV RCX, [RDI+RCX*4+1]
; 85C8:       480FBAE92A       BTS RCX, 42
; 85CD:       48898C9751010000 MOV [RDI+RDX*4+337], RCX
; 85D5:       E95FF8FFFF       JMP L23
; 85DA: L109: 488D4A50         LEA RCX, [RDX+80]
; 85DE:       488B4C8F01       MOV RCX, [RDI+RCX*4+1]
; 85E3:       480FBAE92B       BTS RCX, 43
; 85E8:       48898C9741010000 MOV [RDI+RDX*4+321], RCX
; 85F0:       E937F8FFFF       JMP L22
; 85F5: L110: 488D4A4C         LEA RCX, [RDX+76]
; 85F9:       488B4C8F01       MOV RCX, [RDI+RCX*4+1]
; 85FE:       480FBAE92C       BTS RCX, 44
; 8603:       48898C9731010000 MOV [RDI+RDX*4+305], RCX
; 860B:       E90FF8FFFF       JMP L21
; 8610: L111: 488D4A48         LEA RCX, [RDX+72]
; 8614:       488B4C8F01       MOV RCX, [RDI+RCX*4+1]
; 8619:       480FBAE92D       BTS RCX, 45
; 861E:       48898C9721010000 MOV [RDI+RDX*4+289], RCX
; 8626:       E9E7F7FFFF       JMP L20
; 862B: L112: 488D4A44         LEA RCX, [RDX+68]
; 862F:       488B4C8F01       MOV RCX, [RDI+RCX*4+1]
; 8634:       480FBAE92E       BTS RCX, 46
; 8639:       48898C9711010000 MOV [RDI+RDX*4+273], RCX
; 8641:       E9BFF7FFFF       JMP L19
; 8646: L113: 488D4A40         LEA RCX, [RDX+64]
; 864A:       488B4C8F01       MOV RCX, [RDI+RCX*4+1]
; 864F:       480FBAE92F       BTS RCX, 47
; 8654:       48898C9701010000 MOV [RDI+RDX*4+257], RCX
; 865C:       E997F7FFFF       JMP L18
; 8661: L114: 488D4A3C         LEA RCX, [RDX+60]
; 8665:       488B4C8F01       MOV RCX, [RDI+RCX*4+1]
; 866A:       480FBAE930       BTS RCX, 48
; 866F:       48898C97F1000000 MOV [RDI+RDX*4+241], RCX
; 8677:       E96FF7FFFF       JMP L17
; 867C: L115: 488D4A38         LEA RCX, [RDX+56]
; 8680:       488B4C8F01       MOV RCX, [RDI+RCX*4+1]
; 8685:       480FBAE931       BTS RCX, 49
; 868A:       48898C97E1000000 MOV [RDI+RDX*4+225], RCX
; 8692:       E947F7FFFF       JMP L16
; 8697: L116: 488D4A34         LEA RCX, [RDX+52]
; 869B:       488B4C8F01       MOV RCX, [RDI+RCX*4+1]
; 86A0:       480FBAE932       BTS RCX, 50
; 86A5:       48898C97D1000000 MOV [RDI+RDX*4+209], RCX
; 86AD:       E91FF7FFFF       JMP L15
; 86B2: L117: 488D4A30         LEA RCX, [RDX+48]
; 86B6:       488B4C8F01       MOV RCX, [RDI+RCX*4+1]
; 86BB:       480FBAE933       BTS RCX, 51
; 86C0:       48898C97C1000000 MOV [RDI+RDX*4+193], RCX
; 86C8:       E9F7F6FFFF       JMP L14
; 86CD: L118: 488D4A2C         LEA RCX, [RDX+44]
; 86D1:       488B4C8F01       MOV RCX, [RDI+RCX*4+1]
; 86D6:       480FBAE934       BTS RCX, 52
; 86DB:       48898C97B1000000 MOV [RDI+RDX*4+177], RCX
; 86E3:       E9CFF6FFFF       JMP L13
; 86E8: L119: 488D4A28         LEA RCX, [RDX+40]
; 86EC:       488B4C8F01       MOV RCX, [RDI+RCX*4+1]
; 86F1:       480FBAE935       BTS RCX, 53
; 86F6:       48898C97A1000000 MOV [RDI+RDX*4+161], RCX
; 86FE:       E9A7F6FFFF       JMP L12
; 8703: L120: 488D4A24         LEA RCX, [RDX+36]
; 8707:       488B4C8F01       MOV RCX, [RDI+RCX*4+1]
; 870C:       480FBAE936       BTS RCX, 54
; 8711:       48898C9791000000 MOV [RDI+RDX*4+145], RCX
; 8719:       E97FF6FFFF       JMP L11
; 871E: L121: 488D4A20         LEA RCX, [RDX+32]
; 8722:       488B4C8F01       MOV RCX, [RDI+RCX*4+1]
; 8727:       480FBAE937       BTS RCX, 55
; 872C:       48898C9781000000 MOV [RDI+RDX*4+129], RCX
; 8734:       E957F6FFFF       JMP L10
; 8739: L122: 488D4A1C         LEA RCX, [RDX+28]
; 873D:       488B4C8F01       MOV RCX, [RDI+RCX*4+1]
; 8742:       480FBAE938       BTS RCX, 56
; 8747:       48894C9771       MOV [RDI+RDX*4+113], RCX
; 874C:       E932F6FFFF       JMP L9
; 8751: L123: 488D4A18         LEA RCX, [RDX+24]
; 8755:       488B4C8F01       MOV RCX, [RDI+RCX*4+1]
; 875A:       480FBAE939       BTS RCX, 57
; 875F:       48894C9761       MOV [RDI+RDX*4+97], RCX
; 8764:       E90DF6FFFF       JMP L8
; 8769: L124: 488D4A14         LEA RCX, [RDX+20]
; 876D:       488B4C8F01       MOV RCX, [RDI+RCX*4+1]
; 8772:       480FBAE93A       BTS RCX, 58
; 8777:       48894C9751       MOV [RDI+RDX*4+81], RCX
; 877C:       E9E8F5FFFF       JMP L7
; 8781: L125: 488D4A10         LEA RCX, [RDX+16]
; 8785:       488B4C8F01       MOV RCX, [RDI+RCX*4+1]
; 878A:       480FBAE93B       BTS RCX, 59
; 878F:       48894C9741       MOV [RDI+RDX*4+65], RCX
; 8794:       E9C3F5FFFF       JMP L6
; 8799: L126: 488D4A0C         LEA RCX, [RDX+12]
; 879D:       488B4C8F01       MOV RCX, [RDI+RCX*4+1]
; 87A2:       480FBAE93C       BTS RCX, 60
; 87A7:       48894C9731       MOV [RDI+RDX*4+49], RCX
; 87AC:       E99EF5FFFF       JMP L5
; 87B1: L127: 488D4A08         LEA RCX, [RDX+8]
; 87B5:       488B4C8F01       MOV RCX, [RDI+RCX*4+1]
; 87BA:       480FBAE93D       BTS RCX, 61
; 87BF:       48894C9721       MOV [RDI+RDX*4+33], RCX
; 87C4:       E979F5FFFF       JMP L4
; 87C9: L128: 488D4A04         LEA RCX, [RDX+4]
; 87CD:       488B4C8F01       MOV RCX, [RDI+RCX*4+1]
; 87D2:       480FBAE93E       BTS RCX, 62
; 87D7:       48894C9711       MOV [RDI+RDX*4+17], RCX
; 87DC:       E954F5FFFF       JMP L3
