; compiling file "/workspace/scratch/73f29dd8a4f8/primes-experiments/batch/PrimeLisp/solution_3/or-byte-snippet.lisp" (written 13 SEP 2026 02:07:14 AM):
While evaluating the form starting at line 2, column 0
  of #P"/workspace/scratch/73f29dd8a4f8/primes-experiments/batch/PrimeLisp/solution_3/or-byte-test.lisp":
Unhandled SIMPLE-ERROR in thread #<SB-THREAD:THREAD tid=7 "main thread" RUNNING
                                    {1200038003}>:
  PRIME-CANDIDATE::%OR-BYTE is not a known function.

Backtrace for: #<SB-THREAD:THREAD tid=7 "main thread" RUNNING {1200038003}>
0: (SB-DEBUG::DEBUGGER-DISABLED-HOOK #<SIMPLE-ERROR "~S is not a known function." {1200EE72E3}> #<unused argument> :QUIT T)
1: (SB-DEBUG::RUN-HOOK *INVOKE-DEBUGGER-HOOK* #<SIMPLE-ERROR "~S is not a known function." {1200EE72E3}>)
2: (INVOKE-DEBUGGER #<SIMPLE-ERROR "~S is not a known function." {1200EE72E3}>)
3: (ERROR "~S is not a known function." PRIME-CANDIDATE::%OR-BYTE)
4: (SB-C::FUN-INFO-OR-LOSE PRIME-CANDIDATE::%OR-BYTE)
5: ("top level form") [toplevel]
6: ((FLET "G" :IN SB-C::%COMPILE-IN-LEXENV))
7: (SB-C::%COMPILE-IN-LEXENV (LET ((#1=#:G0 (SB-C::MAKE-VOP-INFO :NAME (QUOTE PRIME-CANDIDATE::%OR-BYTE) :TRANSLATE (QUOTE #) :TYPE (SPECIFIER-TYPE #) :ARG-TYPES (LIST # # #) :MORE-ARGS-TYPE NIL :RESULT-TYPES ...))) (SB-C::STORE-VOP-INFO #1#) (LET ((INFO (SB-C::FUN-INFO-OR-LOSE #))) (SETF #2=(SB-C::FUN-INFO-TEMPLATES INFO) (SB-C::ADJOIN-TEMPLATE #1# #2#)))) #<NULL-LEXENV> NIL #<SB-C::SOURCE-INFO {1200D4A6C3}> 2 NIL T T)
8: (EVAL-WITH-COMPILE-IN-LEXENV (LET ((#1=#:G0 (SB-C::MAKE-VOP-INFO :NAME (QUOTE PRIME-CANDIDATE::%OR-BYTE) :TRANSLATE (QUOTE #) :TYPE (SPECIFIER-TYPE #) :ARG-TYPES (LIST # # #) :MORE-ARGS-TYPE NIL :RESULT-TYPES ...))) (SB-C::STORE-VOP-INFO #1#) (LET ((INFO (SB-C::FUN-INFO-OR-LOSE #))) (SETF #2=(SB-C::FUN-INFO-TEMPLATES INFO) (SB-C::ADJOIN-TEMPLATE #1# #2#)))) #<NULL-LEXENV> #<SB-C::SOURCE-INFO {1200D4A6C3}> 2 NIL)
9: (SB-IMPL::%SIMPLE-EVAL (LET ((#1=#:G0 (SB-C::MAKE-VOP-INFO :NAME (QUOTE PRIME-CANDIDATE::%OR-BYTE) :TRANSLATE (QUOTE #) :TYPE (SPECIFIER-TYPE #) :ARG-TYPES (LIST # # #) :MORE-ARGS-TYPE NIL :RESULT-TYPES ...))) (SB-C::STORE-VOP-INFO #1#) (LET ((INFO (SB-C::FUN-INFO-OR-LOSE #))) (SETF #2=(SB-C::FUN-INFO-TEMPLATES INFO) (SB-C::ADJOIN-TEMPLATE #1# #2#)))) #<NULL-LEXENV>)
10: (SIMPLE-EVAL-IN-LEXENV (LET ((#1=#:G0 (SB-C::MAKE-VOP-INFO :NAME (QUOTE PRIME-CANDIDATE::%OR-BYTE) :TRANSLATE (QUOTE #) :TYPE (SPECIFIER-TYPE #) :ARG-TYPES (LIST # # #) :MORE-ARGS-TYPE NIL :RESULT-TYPES ...))) (SB-C::STORE-VOP-INFO #1#) (LET ((INFO (SB-C::FUN-INFO-OR-LOSE #))) (SETF #2=(SB-C::FUN-INFO-TEMPLATES INFO) (SB-C::ADJOIN-TEMPLATE #1# #2#)))) #<NULL-LEXENV>)
11: (SIMPLE-EVAL-IN-LEXENV (PROGN (LET ((#1=#:G0 (SB-C::MAKE-VOP-INFO :NAME # :TRANSLATE # :TYPE # :ARG-TYPES # :MORE-ARGS-TYPE NIL :RESULT-TYPES ...))) (SB-C::STORE-VOP-INFO #1#) (LET ((INFO #)) (SETF #2=(SB-C::FUN-INFO-TEMPLATES INFO) (SB-C::ADJOIN-TEMPLATE #1# #2#))))) #<NULL-LEXENV>)
12: (EVAL-TLF (PROGN (LET ((#1=#:G0 (SB-C::MAKE-VOP-INFO :NAME # :TRANSLATE # :TYPE # :ARG-TYPES # :MORE-ARGS-TYPE NIL :RESULT-TYPES ...))) (SB-C::STORE-VOP-INFO #1#) (LET ((INFO #)) (SETF #2=(SB-C::FUN-INFO-TEMPLATES INFO) (SB-C::ADJOIN-TEMPLATE #1# #2#))))) 2 #<NULL-LEXENV>)
13: ((FLET SB-C::FROB :IN SB-C::EVAL-COMPILE-TOPLEVEL))
14: (SB-C::EVAL-COMPILE-TOPLEVEL ((LET ((#1=#:G0 (SB-C::MAKE-VOP-INFO :NAME # :TRANSLATE # :TYPE # :ARG-TYPES # :MORE-ARGS-TYPE NIL :RESULT-TYPES ...))) (SB-C::STORE-VOP-INFO #1#) (LET ((INFO #)) (SETF #2=(SB-C::FUN-INFO-TEMPLATES INFO) (SB-C::ADJOIN-TEMPLATE #1# #2#))))) (#1=(LET ((#2=#:G0 (SB-C::MAKE-VOP-INFO :NAME # :TRANSLATE # :TYPE # :ARG-TYPES # :MORE-ARGS-TYPE NIL :RESULT-TYPES ...))) (SB-C::STORE-VOP-INFO #2#) (LET ((INFO #)) (SETF #3=(SB-C::FUN-INFO-TEMPLATES INFO) (SB-C::ADJOIN-TEMPLATE #2# #3#)))) (PROGN (EVAL-WHEN (:COMPILE-TOPLEVEL) (SETF (GETHASH # SB-C::*BACKEND-PARSED-VOPS*) (QUOTE #))) (SB-C::REGISTER-VOP-PARSE (QUOTE (# # #)) (QUOTE (# #)) (QUOTE :UNSPECIFIED) (QUOTE (#)) (QUOTE NIL) (QUOTE NIL) (QUOTE 1) (QUOTE NIL) (QUOTE NIL) (QUOTE NIL) (QUOTE (MASK)) ...) #1# (QUOTE PRIME-CANDIDATE::%OR-BYTE)) SB-C::ORIGINAL-SOURCE-START 2 2 2))
15: (SB-C::PROCESS-TOPLEVEL-FORM (LET ((#1=#:G0 (SB-C::MAKE-VOP-INFO :NAME (QUOTE PRIME-CANDIDATE::%OR-BYTE) :TRANSLATE (QUOTE #) :TYPE (SPECIFIER-TYPE #) :ARG-TYPES (LIST # # #) :MORE-ARGS-TYPE NIL :RESULT-TYPES ...))) (SB-C::STORE-VOP-INFO #1#) (LET ((INFO (SB-C::FUN-INFO-OR-LOSE #))) (SETF #2=(SB-C::FUN-INFO-TEMPLATES INFO) (SB-C::ADJOIN-TEMPLATE #1# #2#)))) ((PROGN (EVAL-WHEN (:COMPILE-TOPLEVEL) (SETF (GETHASH # SB-C::*BACKEND-PARSED-VOPS*) (QUOTE #))) (SB-C::REGISTER-VOP-PARSE (QUOTE (# # #)) (QUOTE (# #)) (QUOTE :UNSPECIFIED) (QUOTE (#)) (QUOTE NIL) (QUOTE NIL) (QUOTE 1) (QUOTE NIL) (QUOTE NIL) (QUOTE NIL) (QUOTE (MASK)) ...) (LET ((#1=#:G0 #)) (SB-C::STORE-VOP-INFO #1#) (LET (#) (SETF # #))) (QUOTE PRIME-CANDIDATE::%OR-BYTE)) SB-C::ORIGINAL-SOURCE-START 2 2 2) (:COMPILE-TOPLEVEL))
16: (SB-C::PROCESS-TOPLEVEL-PROGN ((EVAL-WHEN (:COMPILE-TOPLEVEL) (SETF (GETHASH (QUOTE PRIME-CANDIDATE::%OR-BYTE) SB-C::*BACKEND-PARSED-VOPS*) (QUOTE #<SB-C::VOP-PARSE :NAME PRIME-CANDIDATE::%OR-BYTE :ARGS # :RESULTS NIL :TEMPS NIL :IGNORES NIL :ARG-TYPES #1=# :RESULT-TYPES :UNSPECIFIED :COST 1 :BODY #2=# :INFO-ARGS #3=# :TRANSLATE # :LTN-POLICY :FAST-SAFE>))) (SB-C::REGISTER-VOP-PARSE (QUOTE #1#) (QUOTE ((SAP NIL SB-C::OPERAND-PARSE-TEMP-1 0 65536 SB-C::OPERAND-PARSE-LOAD-TN-1 T # NIL) (INDEX NIL SB-C::OPERAND-PARSE-TEMP-2 0 65537 SB-C::OPERAND-PARSE-LOAD-TN-2 T # NIL))) (QUOTE :UNSPECIFIED) (QUOTE #2#) (QUOTE NIL) (QUOTE NIL) (QUOTE 1) (QUOTE NIL) (QUOTE NIL) (QUOTE NIL) (QUOTE #3#) ...) (LET ((#4=#:G0 (SB-C::MAKE-VOP-INFO :NAME # :TRANSLATE # :TYPE # :ARG-TYPES # :MORE-ARGS-TYPE NIL :RESULT-TYPES ...))) (SB-C::STORE-VOP-INFO #4#) (LET ((INFO #)) (SETF #5=(SB-C::FUN-INFO-TEMPLATES INFO) (SB-C::ADJOIN-TEMPLATE #4# #5#)))) (QUOTE PRIME-CANDIDATE::%OR-BYTE)) ((PROGN (EVAL-WHEN (:COMPILE-TOPLEVEL) (SETF (GETHASH # SB-C::*BACKEND-PARSED-VOPS*) (QUOTE #))) (SB-C::REGISTER-VOP-PARSE (QUOTE (# # #)) (QUOTE (# #)) (QUOTE :UNSPECIFIED) (QUOTE (#)) (QUOTE NIL) (QUOTE NIL) (QUOTE 1) (QUOTE NIL) (QUOTE NIL) (QUOTE NIL) (QUOTE (MASK)) ...) (LET ((#1=#:G0 #)) (SB-C::STORE-VOP-INFO #1#) (LET (#) (SETF # #))) (QUOTE PRIME-CANDIDATE::%OR-BYTE)) SB-C::ORIGINAL-SOURCE-START 2 2 2) (:COMPILE-TOPLEVEL))
17: (SB-C::PROCESS-TOPLEVEL-FORM (PROGN (EVAL-WHEN (:COMPILE-TOPLEVEL) (SETF (GETHASH (QUOTE PRIME-CANDIDATE::%OR-BYTE) SB-C::*BACKEND-PARSED-VOPS*) (QUOTE #<SB-C::VOP-PARSE :NAME PRIME-CANDIDATE::%OR-BYTE :ARGS # :RESULTS NIL :TEMPS NIL :IGNORES NIL :ARG-TYPES #1=# :RESULT-TYPES :UNSPECIFIED :COST 1 :BODY #2=# :INFO-ARGS #3=# :TRANSLATE # :LTN-POLICY :FAST-SAFE>))) (SB-C::REGISTER-VOP-PARSE (QUOTE #1#) (QUOTE ((SAP NIL SB-C::OPERAND-PARSE-TEMP-1 0 65536 SB-C::OPERAND-PARSE-LOAD-TN-1 T # NIL) (INDEX NIL SB-C::OPERAND-PARSE-TEMP-2 0 65537 SB-C::OPERAND-PARSE-LOAD-TN-2 T # NIL))) (QUOTE :UNSPECIFIED) (QUOTE #2#) (QUOTE NIL) (QUOTE NIL) (QUOTE 1) (QUOTE NIL) (QUOTE NIL) (QUOTE NIL) (QUOTE #3#) ...) (LET ((#4=#:G0 (SB-C::MAKE-VOP-INFO :NAME # :TRANSLATE # :TYPE # :ARG-TYPES # :MORE-ARGS-TYPE NIL :RESULT-TYPES ...))) (SB-C::STORE-VOP-INFO #4#) (LET ((INFO #)) (SETF #5=(SB-C::FUN-INFO-TEMPLATES INFO) (SB-C::ADJOIN-TEMPLATE #4# #5#)))) (QUOTE PRIME-CANDIDATE::%OR-BYTE)) (SB-C::ORIGINAL-SOURCE-START 2 2 2) (:COMPILE-TOPLEVEL))
18: (SB-C::PROCESS-TOPLEVEL-FORM (DEFINE-VOP (PRIME-CANDIDATE::%OR-BYTE) (:TRANSLATE PRIME-CANDIDATE::%OR-BYTE) (:POLICY :FAST-SAFE) (:ARGS (SAP :SCS (SAP-REG)) (INDEX :SCS (UNSIGNED-REG))) (:ARG-TYPES SYSTEM-AREA-POINTER UNSIGNED-NUM (:CONSTANT (UNSIGNED-BYTE 8))) (:INFO MASK) (:GENERATOR 1 (INST OR :BYTE (EA 0 SAP INDEX) MASK))) (SB-C::ORIGINAL-SOURCE-START 0 2) (:COMPILE-TOPLEVEL))
19: (SB-C::PROCESS-TOPLEVEL-PROGN ((DEFINE-VOP (PRIME-CANDIDATE::%OR-BYTE) (:TRANSLATE PRIME-CANDIDATE::%OR-BYTE) (:POLICY :FAST-SAFE) (:ARGS (SAP :SCS (SAP-REG)) (INDEX :SCS (UNSIGNED-REG))) (:ARG-TYPES SYSTEM-AREA-POINTER UNSIGNED-NUM (:CONSTANT (UNSIGNED-BYTE 8))) (:INFO MASK) (:GENERATOR 1 (INST OR :BYTE (EA 0 SAP INDEX) MASK)))) (SB-C::ORIGINAL-SOURCE-START 0 2) (:COMPILE-TOPLEVEL))
20: (SB-C::PROCESS-TOPLEVEL-FORM (EVAL-WHEN (:COMPILE-TOPLEVEL :LOAD-TOPLEVEL :EXECUTE) (DEFINE-VOP (PRIME-CANDIDATE::%OR-BYTE) (:TRANSLATE PRIME-CANDIDATE::%OR-BYTE) (:POLICY :FAST-SAFE) (:ARGS (SAP :SCS (SAP-REG)) (INDEX :SCS (UNSIGNED-REG))) (:ARG-TYPES SYSTEM-AREA-POINTER UNSIGNED-NUM (:CONSTANT (UNSIGNED-BYTE 8))) (:INFO MASK) (:GENERATOR 1 (INST OR :BYTE (EA 0 SAP INDEX) MASK)))) (SB-C::ORIGINAL-SOURCE-START 0 2) NIL)
21: ((LAMBDA (FORM &KEY :CURRENT-INDEX &ALLOW-OTHER-KEYS) :IN SB-C::SUB-COMPILE-FILE) (EVAL-WHEN (:COMPILE-TOPLEVEL :LOAD-TOPLEVEL :EXECUTE) (DEFINE-VOP (PRIME-CANDIDATE::%OR-BYTE) (:TRANSLATE PRIME-CANDIDATE::%OR-BYTE) (:POLICY :FAST-SAFE) (:ARGS (SAP :SCS (SAP-REG)) (INDEX :SCS (UNSIGNED-REG))) (:ARG-TYPES SYSTEM-AREA-POINTER UNSIGNED-NUM (:CONSTANT (UNSIGNED-BYTE 8))) (:INFO MASK) (:GENERATOR 1 (INST OR :BYTE (EA 0 SAP INDEX) MASK)))) :CURRENT-INDEX 2)
22: (SB-C::%DO-FORMS-FROM-INFO #<FUNCTION (LAMBDA (FORM &KEY :CURRENT-INDEX &ALLOW-OTHER-KEYS) :IN SB-C::SUB-COMPILE-FILE) {B80032B60B}> #<SB-C::SOURCE-INFO {1200D4A6C3}> SB-C::INPUT-ERROR-IN-COMPILE-FILE)
23: ((LAMBDA NIL :IN SB-C::SUB-COMPILE-FILE))
24: ((FLET SB-C::WITH-IT :IN SB-C::%WITH-COMPILATION-UNIT))
25: (SB-C::SUB-COMPILE-FILE #<SB-C::SOURCE-INFO {1200D4A6C3}> NIL)
26: (COMPILE-FILE "or-byte-snippet.lisp" :OUTPUT-FILE ".build/or-byte.fasl" :VERBOSE NIL :PRINT NIL :EXTERNAL-FORMAT :DEFAULT :PROGRESS NIL :TRACE-FILE NIL :BLOCK-COMPILE NIL :ENTRY-POINTS NIL :EMIT-CFASL NIL)
27: (SIMPLE-EVAL-IN-LEXENV (COMPILE-FILE "or-byte-snippet.lisp" :OUTPUT-FILE ".build/or-byte.fasl") #<NULL-LEXENV>)
28: (EVAL-TLF (COMPILE-FILE "or-byte-snippet.lisp" :OUTPUT-FILE ".build/or-byte.fasl") 1 NIL)
29: ((LABELS SB-FASL::EVAL-FORM :IN LOAD-AS-SOURCE) (COMPILE-FILE "or-byte-snippet.lisp" :OUTPUT-FILE ".build/or-byte.fasl") 1)
30: ((LAMBDA (FORM &KEY :CURRENT-INDEX &ALLOW-OTHER-KEYS) :IN LOAD-AS-SOURCE) (COMPILE-FILE "or-byte-snippet.lisp" :OUTPUT-FILE ".build/or-byte.fasl") :CURRENT-INDEX 1)
31: (SB-C::%DO-FORMS-FROM-INFO #<FUNCTION (LAMBDA (FORM &KEY :CURRENT-INDEX &ALLOW-OTHER-KEYS) :IN LOAD-AS-SOURCE) {7FE609CCF4CB}> #<SB-C::SOURCE-INFO {1200CFE373}> SB-C::INPUT-ERROR-IN-LOAD)
32: (LOAD-AS-SOURCE #<FORM-TRACKING-STREAM for "file /workspace/scratch/73f29dd8a4f8/primes-experiments/batch/PrimeLisp/solution_3/or-byte-test.lisp" {120003B983}> :VERBOSE NIL :PRINT NIL :CONTEXT "loading")
33: ((LABELS SB-FASL::LOAD-STREAM-1 :IN LOAD) #<FORM-TRACKING-STREAM for "file /workspace/scratch/73f29dd8a4f8/primes-experiments/batch/PrimeLisp/solution_3/or-byte-test.lisp" {120003B983}> NIL)
34: (SB-FASL::CALL-WITH-LOAD-BINDINGS #<FUNCTION (LABELS SB-FASL::LOAD-STREAM-1 :IN LOAD) {7FE609CCF88B}> #<FORM-TRACKING-STREAM for "file /workspace/scratch/73f29dd8a4f8/primes-experiments/batch/PrimeLisp/solution_3/or-byte-test.lisp" {120003B983}> NIL #<FORM-TRACKING-STREAM for "file /workspace/scratch/73f29dd8a4f8/primes-experiments/batch/PrimeLisp/solution_3/or-byte-test.lisp" {120003B983}>)
35: (LOAD #P"or-byte-test.lisp" :VERBOSE NIL :PRINT NIL :IF-DOES-NOT-EXIST :ERROR :EXTERNAL-FORMAT :DEFAULT)
36: (SB-IMPL::PROCESS-EVAL/LOAD-OPTIONS ((:LOAD . "or-byte-test.lisp") (:QUIT)))
37: (SB-IMPL::TOPLEVEL-INIT)
38: ((FLET SB-UNIX::BODY :IN SB-IMPL::START-LISP))
39: ((FLET "WITHOUT-INTERRUPTS-BODY-3" :IN SB-IMPL::START-LISP))
40: (SB-IMPL::%START-LISP)

unhandled condition in --disable-debugger mode, quitting
; 
; compilation unit aborted
;   caught 1 fatal ERROR condition
; compilation aborted after 0:00:00.036
