WARNING: redefining PRIME-CANDIDATE::SPARSE-1 in DEFUN
WARNING: redefining PRIME-CANDIDATE::SPARSE-3 in DEFUN
WARNING: redefining PRIME-CANDIDATE::SPARSE-5 in DEFUN
WARNING: redefining PRIME-CANDIDATE::SPARSE-7 in DEFUN
WARNING: redefining PRIME-CANDIDATE::SPARSE-9 in DEFUN
WARNING: redefining PRIME-CANDIDATE::SPARSE-11 in DEFUN
WARNING: redefining PRIME-CANDIDATE::SPARSE-13 in DEFUN
WARNING: redefining PRIME-CANDIDATE::SPARSE-15 in DEFUN
Candidate validated (including 78,498 primes through 1,000,000).
RESTORED 1 deltas
WARNING: redefining PRIME-CANDIDATE::DENSE-3 in DEFUN
WARNING: redefining PRIME-CANDIDATE::DENSE-5 in DEFUN
WARNING: redefining PRIME-CANDIDATE::DENSE-7 in DEFUN
WARNING: redefining PRIME-CANDIDATE::DENSE-9 in DEFUN
WARNING: redefining PRIME-CANDIDATE::DENSE-11 in DEFUN
WARNING: redefining PRIME-CANDIDATE::DENSE-13 in DEFUN
WARNING: redefining PRIME-CANDIDATE::DENSE-15 in DEFUN
WARNING: redefining PRIME-CANDIDATE::DENSE-17 in DEFUN
WARNING: redefining PRIME-CANDIDATE::DENSE-19 in DEFUN
WARNING: redefining PRIME-CANDIDATE::DENSE-21 in DEFUN
WARNING: redefining PRIME-CANDIDATE::DENSE-23 in DEFUN
WARNING: redefining PRIME-CANDIDATE::DENSE-25 in DEFUN
WARNING: redefining PRIME-CANDIDATE::DENSE-27 in DEFUN
WARNING: redefining PRIME-CANDIDATE::DENSE-29 in DEFUN
WARNING: redefining PRIME-CANDIDATE::DENSE-31 in DEFUN
WARNING: redefining PRIME-CANDIDATE::DENSE-33 in DEFUN
WARNING: redefining PRIME-CANDIDATE::DENSE-35 in DEFUN
WARNING: redefining PRIME-CANDIDATE::DENSE-37 in DEFUN
WARNING: redefining PRIME-CANDIDATE::DENSE-39 in DEFUN
WARNING: redefining PRIME-CANDIDATE::DENSE-41 in DEFUN
WARNING: redefining PRIME-CANDIDATE::DENSE-43 in DEFUN
WARNING: redefining PRIME-CANDIDATE::DENSE-45 in DEFUN
WARNING: redefining PRIME-CANDIDATE::DENSE-47 in DEFUN
WARNING: redefining PRIME-CANDIDATE::DENSE-49 in DEFUN
WARNING: redefining PRIME-CANDIDATE::DENSE-51 in DEFUN
WARNING: redefining PRIME-CANDIDATE::DENSE-53 in DEFUN
WARNING: redefining PRIME-CANDIDATE::DENSE-55 in DEFUN
WARNING: redefining PRIME-CANDIDATE::DENSE-57 in DEFUN
WARNING: redefining PRIME-CANDIDATE::DENSE-59 in DEFUN
WARNING: redefining PRIME-CANDIDATE::DENSE-61 in DEFUN
WARNING: redefining PRIME-CANDIDATE::DENSE-63 in DEFUN
WARNING: redefining PRIME-CANDIDATE::DENSE-65 in DEFUN
WARNING: redefining PRIME-CANDIDATE::DENSE-67 in DEFUN
WARNING: redefining PRIME-CANDIDATE::DENSE-69 in DEFUN
WARNING: redefining PRIME-CANDIDATE::DENSE-71 in DEFUN
WARNING: redefining PRIME-CANDIDATE::DENSE-73 in DEFUN
WARNING: redefining PRIME-CANDIDATE::DENSE-75 in DEFUN
WARNING: redefining PRIME-CANDIDATE::DENSE-77 in DEFUN
WARNING: redefining PRIME-CANDIDATE::DENSE-79 in DEFUN
WARNING: redefining PRIME-CANDIDATE::DENSE-81 in DEFUN
WARNING: redefining PRIME-CANDIDATE::DENSE-83 in DEFUN
WARNING: redefining PRIME-CANDIDATE::DENSE-85 in DEFUN
WARNING: redefining PRIME-CANDIDATE::DENSE-87 in DEFUN
WARNING: redefining PRIME-CANDIDATE::DENSE-89 in DEFUN
WARNING: redefining PRIME-CANDIDATE::DENSE-91 in DEFUN
WARNING: redefining PRIME-CANDIDATE::DENSE-93 in DEFUN
WARNING: redefining PRIME-CANDIDATE::DENSE-95 in DEFUN
WARNING: redefining PRIME-CANDIDATE::DENSE-97 in DEFUN
WARNING: redefining PRIME-CANDIDATE::DENSE-99 in DEFUN
WARNING: redefining PRIME-CANDIDATE::DENSE-101 in DEFUN
WARNING: redefining PRIME-CANDIDATE::DENSE-103 in DEFUN
WARNING: redefining PRIME-CANDIDATE::DENSE-105 in DEFUN
WARNING: redefining PRIME-CANDIDATE::DENSE-107 in DEFUN
WARNING: redefining PRIME-CANDIDATE::DENSE-109 in DEFUN
WARNING: redefining PRIME-CANDIDATE::DENSE-111 in DEFUN
WARNING: redefining PRIME-CANDIDATE::DENSE-113 in DEFUN
WARNING: redefining PRIME-CANDIDATE::DENSE-115 in DEFUN
WARNING: redefining PRIME-CANDIDATE::DENSE-117 in DEFUN
WARNING: redefining PRIME-CANDIDATE::DENSE-119 in DEFUN
WARNING: redefining PRIME-CANDIDATE::DENSE-121 in DEFUN
WARNING: redefining PRIME-CANDIDATE::DENSE-123 in DEFUN
WARNING: redefining PRIME-CANDIDATE::DENSE-125 in DEFUN
WARNING: redefining PRIME-CANDIDATE::DENSE-127 in DEFUN
WARNING: redefining PRIME-CANDIDATE::DENSE-129 in DEFUN
Candidate validated (including 78,498 primes through 1,000,000).
APPLIED campaign-2026-09-13-followup/variants/02-dense-kernel.lisp
