
; file: /workspace/scratch/7ce7d755ab89/primes-review/PrimeLisp/solution_3/sieve.lisp
; in: SB-C:DEFINE-VOP (SPARSE-KERNEL!)
;     (FLOOR PRIME-CANDIDATE::RESIDUE 2)
; 
; note: unable to
;   optimize
; due to type uncertainty:
;   The first argument is a REAL, not a SINGLE-FLOAT.
; 
; note: unable to
;   optimize
; due to type uncertainty:
;   The first argument is a REAL, not a DOUBLE-FLOAT.
; 
; note: unable to
;   optimize
; due to type uncertainty:
;   The first argument is a REAL, not a INTEGER.
; 
; note: unable to
;   optimize
; due to type uncertainty:
;   The first argument is a REAL, not a RATIONAL.
; 
; note: unable to
;   convert division by 2^k to shift
; due to type uncertainty:
;   The first argument is a REAL, not a INTEGER.
; 
; note: unable to
;   optimize
; due to type uncertainty:
;   The first argument is a REAL, not a INTEGER.

;     (MOD PRIME-CANDIDATE::RESIDUE 8)
; 
; note: unable to
;   optimize
; due to type uncertainty:
;   The first argument is a REAL, not a SINGLE-FLOAT.
; 
; note: unable to
;   optimize
; due to type uncertainty:
;   The first argument is a REAL, not a DOUBLE-FLOAT.
; 
; note: unable to
;   optimize
; due to type uncertainty:
;   The first argument is a REAL, not a INTEGER.
; 
; note: unable to
;   optimize
; due to type uncertainty:
;   The first argument is a REAL, not a RATIONAL.
; 
; note: unable to
;   convert division by 2^k to shift
; due to type uncertainty:
;   The first argument is a REAL, not a INTEGER.
; 
; note: unable to
;   optimize
; due to type uncertainty:
;   The first argument is a REAL, not a INTEGER.

;     (+ (FLOOR PRIME-CANDIDATE::RESIDUE 2)
;        (* PRIME-CANDIDATE::K (MOD PRIME-CANDIDATE::RESIDUE 8)))
; 
; note: unable to
;   optimize
; due to type uncertainty:
;   The second argument is a (OR FLOAT (RATIONAL 0 (56))), not a RATIONAL.

;     (FLOOR
;      (+ (FLOOR PRIME-CANDIDATE::RESIDUE 2)
;         (* PRIME-CANDIDATE::K (MOD PRIME-CANDIDATE::RESIDUE 8)))
;      8)
; 
; note: unable to
;   optimize
; due to type uncertainty:
;   The first argument is a REAL, not a SINGLE-FLOAT.
; 
; note: unable to
;   optimize
; due to type uncertainty:
;   The first argument is a REAL, not a DOUBLE-FLOAT.
; 
; note: unable to
;   optimize
; due to type uncertainty:
;   The first argument is a REAL, not a INTEGER.
; 
; note: unable to
;   optimize
; due to type uncertainty:
;   The first argument is a REAL, not a RATIONAL.
; 
; note: unable to
;   convert division by 2^k to shift
; due to type uncertainty:
;   The first argument is a REAL, not a INTEGER.
; 
; note: unable to
;   optimize
; due to type uncertainty:
;   The first argument is a REAL, not a INTEGER.

;     (FLOOR PRIME-CANDIDATE::RESIDUE 2)
; 
; note: unable to
;   optimize
; due to type uncertainty:
;   The first argument is a REAL, not a SINGLE-FLOAT.
; 
; note: unable to
;   optimize
; due to type uncertainty:
;   The first argument is a REAL, not a DOUBLE-FLOAT.
; 
; note: unable to
;   optimize
; due to type uncertainty:
;   The first argument is a REAL, not a INTEGER.
; 
; note: unable to
;   optimize
; due to type uncertainty:
;   The first argument is a REAL, not a RATIONAL.
; 
; note: unable to
;   convert division by 2^k to shift
; due to type uncertainty:
;   The first argument is a REAL, not a INTEGER.
; 
; note: unable to
;   optimize
; due to type uncertainty:
;   The first argument is a REAL, not a INTEGER.

;     (+ (FLOOR PRIME-CANDIDATE::RESIDUE 2)
;        (* PRIME-CANDIDATE::K PRIME-CANDIDATE::RESIDUE))
; 
; note: unable to
;   optimize
; due to type uncertainty:
;   The second argument is a REAL, not a RATIONAL.

;     (MOD
;      (+ (FLOOR PRIME-CANDIDATE::RESIDUE 2)
;         (* PRIME-CANDIDATE::K PRIME-CANDIDATE::RESIDUE))
;      8)
; 
; note: unable to
;   optimize
; due to type uncertainty:
;   The first argument is a REAL, not a SINGLE-FLOAT.
; 
; note: unable to
;   optimize
; due to type uncertainty:
;   The first argument is a REAL, not a DOUBLE-FLOAT.
; 
; note: unable to
;   optimize
; due to type uncertainty:
;   The first argument is a REAL, not a INTEGER.
; 
; note: unable to
;   optimize
; due to type uncertainty:
;   The first argument is a REAL, not a RATIONAL.
; 
; note: unable to
;   convert division by 2^k to shift
; due to type uncertainty:
;   The first argument is a REAL, not a INTEGER.
; 
; note: unable to
;   optimize
; due to type uncertainty:
;   The first argument is a REAL, not a INTEGER.

;     (* PRIME-CANDIDATE::K (MOD PRIME-CANDIDATE::RESIDUE 8))
; 
; note: forced to do GENERIC-* (cost 30)
;       unable to do inline fixnum arithmetic (cost 2) because:
;       The second argument is a (OR FLOAT (RATIONAL 0 (8))), not a FIXNUM.
;       The result is a (VALUES (OR FLOAT (RATIONAL 0 (56))) &OPTIONAL), not a (VALUES
;                                                                               FIXNUM
;                                                                               &OPTIONAL).
;       unable to do inline (unsigned-byte 64) arithmetic (cost 4) because:
;       The second argument is a (OR FLOAT (RATIONAL 0 (8))), not a (UNSIGNED-BYTE
;                                                                    64).
;       The result is a (VALUES (OR FLOAT (RATIONAL 0 (56))) &OPTIONAL), not a (VALUES
;                                                                               (UNSIGNED-BYTE
;                                                                                64)
;                                                                               &OPTIONAL).
;       etc.

;     (+ (FLOOR PRIME-CANDIDATE::RESIDUE 2)
;        (* PRIME-CANDIDATE::K (MOD PRIME-CANDIDATE::RESIDUE 8)))
; 
; note: forced to do GENERIC-+ (cost 10)
;       unable to do inline fixnum arithmetic (cost 2) because:
;       The first argument is a INTEGER, not a FIXNUM.
;       The second argument is a (OR FLOAT (RATIONAL 0 (56))), not a FIXNUM.
;       The result is a (VALUES REAL &OPTIONAL), not a (VALUES FIXNUM &OPTIONAL).
;       unable to do inline (unsigned-byte 64) arithmetic (cost 4) because:
;       The first argument is a INTEGER, not a (UNSIGNED-BYTE 64).
;       The second argument is a (OR FLOAT (RATIONAL 0 (56))), not a (UNSIGNED-BYTE
;                                                                     64).
;       The result is a (VALUES REAL &OPTIONAL), not a (VALUES (UNSIGNED-BYTE 64)
;                                                              &OPTIONAL).
;       etc.

;     (* PRIME-CANDIDATE::K PRIME-CANDIDATE::RESIDUE)
; 
; note: forced to do GENERIC-* (cost 30)
;       unable to do inline fixnum arithmetic (cost 2) because:
;       The second argument is a REAL, not a FIXNUM.
;       The result is a (VALUES REAL &OPTIONAL), not a (VALUES FIXNUM &OPTIONAL).
;       unable to do inline (unsigned-byte 64) arithmetic (cost 4) because:
;       The second argument is a REAL, not a (UNSIGNED-BYTE 64).
;       The result is a (VALUES REAL &OPTIONAL), not a (VALUES (UNSIGNED-BYTE 64)
;                                                              &OPTIONAL).
;       etc.

;     (+ (FLOOR PRIME-CANDIDATE::RESIDUE 2)
;        (* PRIME-CANDIDATE::K PRIME-CANDIDATE::RESIDUE))
; 
; note: forced to do GENERIC-+ (cost 10)
;       unable to do inline fixnum arithmetic (cost 2) because:
;       The first argument is a INTEGER, not a FIXNUM.
;       The second argument is a REAL, not a FIXNUM.
;       The result is a (VALUES REAL &OPTIONAL), not a (VALUES FIXNUM &OPTIONAL).
;       unable to do inline (unsigned-byte 64) arithmetic (cost 4) because:
;       The first argument is a INTEGER, not a (UNSIGNED-BYTE 64).
;       The second argument is a REAL, not a (UNSIGNED-BYTE 64).
;       The result is a (VALUES REAL &OPTIONAL), not a (VALUES (UNSIGNED-BYTE 64)
;                                                              &OPTIONAL).
;       etc.

; in: DEFINE-KERNEL-RESETTERS
;     (PRIME-CANDIDATE::DEFINE-KERNEL-RESETTERS)
; --> DEFUN PROGN SB-IMPL::%DEFUN SB-IMPL::%DEFUN SB-INT:NAMED-LAMBDA FUNCTION 
; --> BLOCK LET* + 
; ==>
;   1
; 
; note: forced to do */UNSIGNED=>INTEGER (cost 10)
;       unable to do inline fixnum arithmetic (cost 2) because:
;       The result is a (VALUES
;                        (OR (INTEGER 0 0)
;                            (INTEGER 3 1237940038708919520448217089))
;                        &OPTIONAL), not a (VALUES FIXNUM &OPTIONAL).
;       unable to do inline (unsigned-byte 64) arithmetic (cost 4) because:
;       The result is a (VALUES
;                        (OR (INTEGER 0 0)
;                            (INTEGER 3 1237940038708919520448217089))
;                        &OPTIONAL), not a (VALUES (UNSIGNED-BYTE 64) &OPTIONAL).
;       etc.
; 
; note: forced to do GENERIC-+ (cost 10)
;       unable to do inline fixnum arithmetic (cost 2) because:
;       The second argument is a (OR (INTEGER 0 0)
;                                    (INTEGER 3 1237940038708919520448217089)), not a FIXNUM.
;       unable to do inline (unsigned-byte 64) arithmetic (cost 4) because:
;       The second argument is a (OR (INTEGER 0 0)
;                                    (INTEGER 3 1237940038708919520448217089)), not a (UNSIGNED-BYTE
;                                                                                      64).
;       etc.
; 
; note: forced to do */UNSIGNED=>INTEGER (cost 10)
;       unable to do inline fixnum arithmetic (cost 2) because:
;       The result is a (VALUES
;                        (OR (INTEGER 0 0)
;                            (INTEGER 3 1237940038708919520448217089))
;                        &OPTIONAL), not a (VALUES FIXNUM &OPTIONAL).
;       unable to do inline (unsigned-byte 64) arithmetic (cost 4) because:
;       The result is a (VALUES
;                        (OR (INTEGER 0 0)
;                            (INTEGER 3 1237940038708919520448217089))
;                        &OPTIONAL), not a (VALUES (UNSIGNED-BYTE 64) &OPTIONAL).
;       etc.
; 
; note: forced to do GENERIC-+ (cost 10)
;       unable to do inline fixnum arithmetic (cost 2) because:
;       The second argument is a (OR (INTEGER 0 0)
;                                    (INTEGER 3 1237940038708919520448217089)), not a FIXNUM.
;       unable to do inline (unsigned-byte 64) arithmetic (cost 4) because:
;       The second argument is a (OR (INTEGER 0 0)
;                                    (INTEGER 3 1237940038708919520448217089)), not a (UNSIGNED-BYTE
;                                                                                      64).
;       etc.
; 
; note: forced to do */UNSIGNED=>INTEGER (cost 10)
;       unable to do inline fixnum arithmetic (cost 2) because:
;       The result is a (VALUES
;                        (OR (INTEGER 0 0)
;                            (INTEGER 3 1237940038708919520448217089))
;                        &OPTIONAL), not a (VALUES FIXNUM &OPTIONAL).
;       unable to do inline (unsigned-byte 64) arithmetic (cost 4) because:
;       The result is a (VALUES
;                        (OR (INTEGER 0 0)
;                            (INTEGER 3 1237940038708919520448217089))
;                        &OPTIONAL), not a (VALUES (UNSIGNED-BYTE 64) &OPTIONAL).
;       etc.
; 
; note: forced to do GENERIC-+ (cost 10)
;       unable to do inline fixnum arithmetic (cost 2) because:
;       The second argument is a (OR (INTEGER 0 0)
;                                    (INTEGER 3 1237940038708919520448217089)), not a FIXNUM.
;       unable to do inline (unsigned-byte 64) arithmetic (cost 4) because:
;       The second argument is a (OR (INTEGER 0 0)
;                                    (INTEGER 3 1237940038708919520448217089)), not a (UNSIGNED-BYTE
;                                                                                      64).
;       etc.
; 
; note: forced to do */UNSIGNED=>INTEGER (cost 10)
;       unable to do inline fixnum arithmetic (cost 2) because:
;       The result is a (VALUES
;                        (OR (INTEGER 0 0)
;                            (INTEGER 3 1237940038708919520448217089))
;                        &OPTIONAL), not a (VALUES FIXNUM &OPTIONAL).
;       unable to do inline (unsigned-byte 64) arithmetic (cost 4) because:
;       The result is a (VALUES
;                        (OR (INTEGER 0 0)
;                            (INTEGER 3 1237940038708919520448217089))
;                        &OPTIONAL), not a (VALUES (UNSIGNED-BYTE 64) &OPTIONAL).
;       etc.
; 
; note: forced to do GENERIC-+ (cost 10)
;       unable to do inline fixnum arithmetic (cost 2) because:
;       The second argument is a (OR (INTEGER 0 0)
;                                    (INTEGER 3 1237940038708919520448217089)), not a FIXNUM.
;       unable to do inline (unsigned-byte 64) arithmetic (cost 4) because:
;       The second argument is a (OR (INTEGER 0 0)
;                                    (INTEGER 3 1237940038708919520448217089)), not a (UNSIGNED-BYTE
;                                                                                      64).
;       etc.
; 
; note: forced to do */UNSIGNED=>INTEGER (cost 10)
;       unable to do inline fixnum arithmetic (cost 2) because:
;       The result is a (VALUES
;                        (OR (INTEGER 0 0)
;                            (INTEGER 3 1237940038708919520448217089))
;                        &OPTIONAL), not a (VALUES FIXNUM &OPTIONAL).
;       unable to do inline (unsigned-byte 64) arithmetic (cost 4) because:
;       The result is a (VALUES
;                        (OR (INTEGER 0 0)
;                            (INTEGER 3 1237940038708919520448217089))
;                        &OPTIONAL), not a (VALUES (UNSIGNED-BYTE 64) &OPTIONAL).
;       etc.
; 
; note: forced to do GENERIC-+ (cost 10)
;       unable to do inline fixnum arithmetic (cost 2) because:
;       The second argument is a (OR (INTEGER 0 0)
;                                    (INTEGER 3 1237940038708919520448217089)), not a FIXNUM.
;       unable to do inline (unsigned-byte 64) arithmetic (cost 4) because:
;       The second argument is a (OR (INTEGER 0 0)
;                                    (INTEGER 3 1237940038708919520448217089)), not a (UNSIGNED-BYTE
;                                                                                      64).
;       etc.
; 
; note: forced to do */UNSIGNED=>INTEGER (cost 10)
;       unable to do inline fixnum arithmetic (cost 2) because:
;       The result is a (VALUES
;                        (OR (INTEGER 0 0)
;                            (INTEGER 3 1237940038708919520448217089))
;                        &OPTIONAL), not a (VALUES FIXNUM &OPTIONAL).
;       unable to do inline (unsigned-byte 64) arithmetic (cost 4) because:
;       The result is a (VALUES
;                        (OR (INTEGER 0 0)
;                            (INTEGER 3 1237940038708919520448217089))
;                        &OPTIONAL), not a (VALUES (UNSIGNED-BYTE 64) &OPTIONAL).
;       etc.
; 
; note: forced to do GENERIC-+ (cost 10)
;       unable to do inline fixnum arithmetic (cost 2) because:
;       The second argument is a (OR (INTEGER 0 0)
;                                    (INTEGER 3 1237940038708919520448217089)), not a FIXNUM.
;       unable to do inline (unsigned-byte 64) arithmetic (cost 4) because:
;       The second argument is a (OR (INTEGER 0 0)
;                                    (INTEGER 3 1237940038708919520448217089)), not a (UNSIGNED-BYTE
;                                                                                      64).
;       etc.
; 
; note: forced to do */UNSIGNED=>INTEGER (cost 10)
;       unable to do inline fixnum arithmetic (cost 2) because:
;       The result is a (VALUES
;                        (OR (INTEGER 0 0)
;                            (INTEGER 3 1237940038708919520448217089))
;                        &OPTIONAL), not a (VALUES FIXNUM &OPTIONAL).
;       unable to do inline (unsigned-byte 64) arithmetic (cost 4) because:
;       The result is a (VALUES
;                        (OR (INTEGER 0 0)
;                            (INTEGER 3 1237940038708919520448217089))
;                        &OPTIONAL), not a (VALUES (UNSIGNED-BYTE 64) &OPTIONAL).
;       etc.
; 
; note: forced to do GENERIC-+ (cost 10)
;       unable to do inline fixnum arithmetic (cost 2) because:
;       The second argument is a (OR (INTEGER 0 0)
;                                    (INTEGER 3 1237940038708919520448217089)), not a FIXNUM.
;       unable to do inline (unsigned-byte 64) arithmetic (cost 4) because:
;       The second argument is a (OR (INTEGER 0 0)
;                                    (INTEGER 3 1237940038708919520448217089)), not a (UNSIGNED-BYTE
;                                                                                      64).
;       etc.
; 
; note: forced to do */UNSIGNED=>INTEGER (cost 10)
;       unable to do inline fixnum arithmetic (cost 2) because:
;       The result is a (VALUES
;                        (OR (INTEGER 0 0)
;                            (INTEGER 3 1237940038708919520448217089))
;                        &OPTIONAL), not a (VALUES FIXNUM &OPTIONAL).
;       unable to do inline (unsigned-byte 64) arithmetic (cost 4) because:
;       The result is a (VALUES
;                        (OR (INTEGER 0 0)
;                            (INTEGER 3 1237940038708919520448217089))
;                        &OPTIONAL), not a (VALUES (UNSIGNED-BYTE 64) &OPTIONAL).
;       etc.
; 
; note: forced to do GENERIC-+ (cost 10)
;       unable to do inline fixnum arithmetic (cost 2) because:
;       The second argument is a (OR (INTEGER 0 0)
;                                    (INTEGER 3 1237940038708919520448217089)), not a FIXNUM.
;       unable to do inline (unsigned-byte 64) arithmetic (cost 4) because:
;       The second argument is a (OR (INTEGER 0 0)
;                                    (INTEGER 3 1237940038708919520448217089)), not a (UNSIGNED-BYTE
;                                                                                      64).
;       etc.

; in: SB-C:DEFINE-VOP (DENSE-KERNEL!)
;     (MAKE-ARRAY PRIME-CANDIDATE::FACTOR :INITIAL-ELEMENT NIL)
; 
; note: unable to
;   optimize
; due to type uncertainty:
;   The first argument is a (OR LIST (UNSIGNED-BYTE 44)), not a (OR INTEGER
;                                                                   (CONS INTEGER
;                                                                         NULL)).

;     (ZEROP (AREF PRIME-CANDIDATE::MASKS PRIME-CANDIDATE::I))
; 
; note: unable to
;   open-code FLOAT to RATIONAL comparison
; due to type uncertainty:
;   The first argument is a NUMBER, not a SINGLE-FLOAT.
; 
; note: unable to
;   open-code FLOAT to RATIONAL comparison
; due to type uncertainty:
;   The first argument is a NUMBER, not a DOUBLE-FLOAT.
; 
; note: unable to
;   open-code FLOAT to RATIONAL comparison
; due to type uncertainty:
;   The first argument is a NUMBER, not a (COMPLEX SINGLE-FLOAT).
; 
; note: unable to
;   open-code FLOAT to RATIONAL comparison
; due to type uncertainty:
;   The first argument is a NUMBER, not a (COMPLEX DOUBLE-FLOAT).
; 
; note: unable to open code because: The operands might not be the same type.

;     (ZEROP PRIME-CANDIDATE::MASK)
; 
; note: unable to
;   open-code FLOAT to RATIONAL comparison
; due to type uncertainty:
;   The first argument is a NUMBER, not a SINGLE-FLOAT.
; 
; note: unable to
;   open-code FLOAT to RATIONAL comparison
; due to type uncertainty:
;   The first argument is a NUMBER, not a DOUBLE-FLOAT.
; 
; note: unable to
;   open-code FLOAT to RATIONAL comparison
; due to type uncertainty:
;   The first argument is a NUMBER, not a (COMPLEX SINGLE-FLOAT).
; 
; note: unable to
;   open-code FLOAT to RATIONAL comparison
; due to type uncertainty:
;   The first argument is a NUMBER, not a (COMPLEX DOUBLE-FLOAT).
; 
; note: unable to open code because: The operands might not be the same type.

;     (* PRIME-CANDIDATE::FACTOR (FLOOR PRIME-CANDIDATE::FACTOR 128))
; 
; note: forced to do */UNSIGNED=>INTEGER (cost 10)
;       unable to do inline fixnum arithmetic (cost 2) because:
;       The result is a (VALUES (MOD 2417851639211528724414466) &OPTIONAL), not a (VALUES
;                                                                                  FIXNUM
;                                                                                  &OPTIONAL).
;       unable to do inline (unsigned-byte 64) arithmetic (cost 4) because:
;       The result is a (VALUES (MOD 2417851639211528724414466) &OPTIONAL), not a (VALUES
;                                                                                  (UNSIGNED-BYTE
;                                                                                   64)
;                                                                                  &OPTIONAL).
;       etc.

;     (* 8 FIRST)
; 
; note: forced to do full call
;       unable to do inline ASH (cost 2) because:
;       The first argument is a (MOD 2417851639211528724414466), not a FIXNUM.
;       The result is a (VALUES
;                        (OR (INTEGER 0 0)
;                            (INTEGER 8 19342813113692229795315720))
;                        &OPTIONAL), not a (VALUES FIXNUM &OPTIONAL).
;       unable to do inline ASH (cost 3) because:
;       The first argument is a (MOD 2417851639211528724414466), not a FIXNUM.
;       The result is a (VALUES
;                        (OR (INTEGER 0 0)
;                            (INTEGER 8 19342813113692229795315720))
;                        &OPTIONAL), not a (VALUES FIXNUM &OPTIONAL).
;       etc.

;     (ASH 1 (MOD BIT 64))
; 
; note: doing unsigned word to integer coercion (cost 20), for:
;       the first result of inline ASH

;     (SB-ASSEM:INST PRIME-CANDIDATE::MOV PRIME-CANDIDATE::MASK0
;                    PRIME-CANDIDATE::CLEAR)
; 
; note: doing unsigned word to integer coercion (cost 20)

; in: DEFUN COUNT-PRIMES
;     (+
;      (IF (>= PRIME-CANDIDATE::LIMIT 2)
;          1
;          0)
;      (- PRIME-CANDIDATE::NBITS
;         (+
;          (LOOP PRIME-CANDIDATE::FOR PRIME-CANDIDATE::I FIXNUM PRIME-CANDIDATE::BELOW PRIME-CANDIDATE::NWORDS
;                PRIME-CANDIDATE::SUM (LOGCOUNT #) FIXNUM)
;          (IF (ZEROP PRIME-CANDIDATE::TAIL)
;              0
;              (LOGCOUNT #)))))
; 
; note: doing signed word to integer coercion (cost 20), for:
;       the first result of inline (signed-byte 64) arithmetic
; 
; compilation unit finished
;   printed 68 notes
Candidate validated (including 78,498 primes through 1,000,000).
echologie-cl-kernels129;24316;5.003981;1;algorithm=base,faithful=yes,bits=1
Median: 205.790 us/sieve (4859.3 sieves/s).
Saved: /workspace/scratch/7ce7d755ab89/primes-review/PrimeLisp/solution_3/results/3998309094-277986140.sexp
